Component: Arm Compiler for Embedded 6.19 Tool: armlink [5e73cb00]

==============================================================================

Section Cross References

    main.o(.text.main) refers to gpio.o(.text.DIO_Init) for DIO_Init
    main.o(.text.main) refers to queue.o(.text.xQueueGenericCreate) for xQueueGenericCreate
    main.o(.text.main) refers to main.o(.bss.ctrlSemaphore) for ctrlSemaphore
    main.o(.text.main) refers to main.o(.bss.dumSemaphore) for dumSemaphore
    main.o(.text.main) refers to main.o(.bss.ddmSemaphore) for ddmSemaphore
    main.o(.text.main) refers to main.o(.bss.duaSemaphore) for duaSemaphore
    main.o(.text.main) refers to main.o(.bss.ddaSemaphore) for ddaSemaphore
    main.o(.text.main) refers to main.o(.bss.pumSemaphore) for pumSemaphore
    main.o(.text.main) refers to main.o(.bss.pdmSemaphore) for pdmSemaphore
    main.o(.text.main) refers to main.o(.bss.puaSemaphore) for puaSemaphore
    main.o(.text.main) refers to main.o(.bss.pdaSemaphore) for pdaSemaphore
    main.o(.text.main) refers to queue.o(.text.xQueueCreateMutex) for xQueueCreateMutex
    main.o(.text.main) refers to main.o(.bss.xMutex) for xMutex
    main.o(.text.main) refers to main.o(.bss.xQueueJam) for xQueueJam
    main.o(.text.main) refers to main.o(.bss.xQueueLock) for xQueueLock
    main.o(.text.main) refers to main.o(.text.lockWindow) for lockWindow
    main.o(.text.main) refers to main.o(.rodata.str1.1) for .L.str
    main.o(.text.main) refers to tasks.o(.text.xTaskCreate) for xTaskCreate
    main.o(.text.main) refers to main.o(.text.jamWindow) for jamWindow
    main.o(.text.main) refers to main.o(.bss.check_btn_handle) for check_btn_handle
    main.o(.text.main) refers to main.o(.text.check_pushed_btn) for check_pushed_btn
    main.o(.text.main) refers to main.o(.text.driver_up_manual) for driver_up_manual
    main.o(.text.main) refers to main.o(.text.driver_down_manual) for driver_down_manual
    main.o(.text.main) refers to main.o(.text.driver_up_auto) for driver_up_auto
    main.o(.text.main) refers to main.o(.text.driver_down_auto) for driver_down_auto
    main.o(.text.main) refers to main.o(.text.psng_up_manual) for psng_up_manual
    main.o(.text.main) refers to main.o(.text.psng_down_manual) for psng_down_manual
    main.o(.text.main) refers to main.o(.text.psng_up_auto) for psng_up_auto
    main.o(.text.main) refers to main.o(.text.psng_down_auto) for psng_down_auto
    main.o(.text.main) refers to tasks.o(.text.vTaskStartScheduler) for vTaskStartScheduler
    main.o(.ARM.exidx.text.main) refers to main.o(.text.main) for [Anonymous Symbol]
    main.o(.text.lockWindow) refers to main.o(.bss.xQueueLock) for xQueueLock
    main.o(.text.lockWindow) refers to main.o(.data.queueV) for queueV
    main.o(.text.lockWindow) refers to queue.o(.text.xQueueReceive) for xQueueReceive
    main.o(.ARM.exidx.text.lockWindow) refers to main.o(.text.lockWindow) for [Anonymous Symbol]
    main.o(.text.jamWindow) refers to main.o(.bss.xQueueJam) for xQueueJam
    main.o(.text.jamWindow) refers to main.o(.data.queueV) for queueV
    main.o(.text.jamWindow) refers to queue.o(.text.xQueueReceive) for xQueueReceive
    main.o(.ARM.exidx.text.jamWindow) refers to main.o(.text.jamWindow) for [Anonymous Symbol]
    main.o(.text.check_pushed_btn) refers to main.o(.bss.ctrlSemaphore) for ctrlSemaphore
    main.o(.text.check_pushed_btn) refers to queue.o(.text.xQueueGenericSend) for xQueueGenericSend
    main.o(.text.check_pushed_btn) refers to main.o(.bss.dumSemaphore) for dumSemaphore
    main.o(.text.check_pushed_btn) refers to main.o(.bss.ddmSemaphore) for ddmSemaphore
    main.o(.text.check_pushed_btn) refers to main.o(.bss.duaSemaphore) for duaSemaphore
    main.o(.text.check_pushed_btn) refers to main.o(.bss.ddaSemaphore) for ddaSemaphore
    main.o(.text.check_pushed_btn) refers to main.o(.bss.pumSemaphore) for pumSemaphore
    main.o(.text.check_pushed_btn) refers to main.o(.bss.pdmSemaphore) for pdmSemaphore
    main.o(.text.check_pushed_btn) refers to main.o(.bss.puaSemaphore) for puaSemaphore
    main.o(.text.check_pushed_btn) refers to main.o(.bss.pdaSemaphore) for pdaSemaphore
    main.o(.ARM.exidx.text.check_pushed_btn) refers to main.o(.text.check_pushed_btn) for [Anonymous Symbol]
    main.o(.text.driver_up_manual) refers to main.o(.bss.dumSemaphore) for dumSemaphore
    main.o(.text.driver_up_manual) refers to queue.o(.text.xQueueSemaphoreTake) for xQueueSemaphoreTake
    main.o(.text.driver_up_manual) refers to main.o(.bss.ctrlSemaphore) for ctrlSemaphore
    main.o(.text.driver_up_manual) refers to queue.o(.text.xQueueGenericSend) for xQueueGenericSend
    main.o(.ARM.exidx.text.driver_up_manual) refers to main.o(.text.driver_up_manual) for [Anonymous Symbol]
    main.o(.text.driver_down_manual) refers to main.o(.bss.ddmSemaphore) for ddmSemaphore
[...]
    ../fplib/dretinf.s                       0x00000000   Number         0  dretinf.o ABSOLUTE
    ../fplib/drleqf.s                        0x00000000   Number         0  drleqf.o ABSOLUTE
    ../fplib/dsqrt.s                         0x00000000   Number         0  dsqrt_umaal.o ABSOLUTE
    ../fplib/f2d.s                           0x00000000   Number         0  f2d.o ABSOLUTE
    ../fplib/ffixll.s                        0x00000000   Number         0  ffixll.o ABSOLUTE
    ../fplib/fnaninf.s                       0x00000000   Number         0  fnaninf.o ABSOLUTE
    ../fplib/fpinit.s                        0x00000000   Number         0  fpinit.o ABSOLUTE
    ../fplib/fretinf.s                       0x00000000   Number         0  fretinf.o ABSOLUTE
    ../fplib/istatus.s                       0x00000000   Number         0  istatus.o ABSOLUTE
    ../fplib/usenofp.s                       0x00000000   Number         0  usenofp.o ABSOLUTE
    ../mathlib/dunder.c                      0x00000000   Number         0  dunder.o ABSOLUTE
    ../mathlib/exp.c                         0x00000000   Number         0  exp.o ABSOLUTE
    ../mathlib/expf.c                        0x00000000   Number         0  expf.o ABSOLUTE
    ../mathlib/floor.c                       0x00000000   Number         0  floor.o ABSOLUTE
    ../mathlib/fpclassify.c                  0x00000000   Number         0  fpclassify.o ABSOLUTE
    ../mathlib/fpclassifyf.c                 0x00000000   Number         0  fpclassifyf.o ABSOLUTE
    ../mathlib/funder.c                      0x00000000   Number         0  funder.o ABSOLUTE
    ../mathlib/log.c                         0x00000000   Number         0  log.o ABSOLUTE
    ../mathlib/logf.c                        0x00000000   Number         0  logf.o ABSOLUTE
    ../mathlib/poly.c                        0x00000000   Number         0  poly.o ABSOLUTE
    ../mathlib/powf.c                        0x00000000   Number         0  powf.o ABSOLUTE
    ../mathlib/qnan.c                        0x00000000   Number         0  qnan.o ABSOLUTE
    ../mathlib/sqrt.c                        0x00000000   Number         0  sqrt.o ABSOLUTE
    ../mathlib/sqrtf.c                       0x00000000   Number         0  sqrtf.o ABSOLUTE
    ../mathlib/tanhf.c                       0x00000000   Number         0  tanhf.o ABSOLUTE
    BasicMathFunctions.c                     0x00000000   Number         0  basicmathfunctions.o ABSOLUTE
    BasicMathFunctionsF16.c                  0x00000000   Number         0  basicmathfunctionsf16.o ABSOLUTE
    BayesFunctions.c                         0x00000000   Number         0  bayesfunctions.o ABSOLUTE
    BayesFunctionsF16.c                      0x00000000   Number         0  bayesfunctionsf16.o ABSOLUTE
    CommonTables.c                           0x00000000   Number         0  commontables.o ABSOLUTE
    CommonTablesF16.c                        0x00000000   Number         0  commontablesf16.o ABSOLUTE
    ComplexMathFunctions.c                   0x00000000   Number         0  complexmathfunctions.o ABSOLUTE
    ComplexMathFunctionsF16.c                0x00000000   Number         0  complexmathfunctionsf16.o ABSOLUTE
    ControllerFunctions.c                    0x00000000   Number         0  controllerfunctions.o ABSOLUTE
    DistanceFunctions.c                      0x00000000   Number         0  distancefunctions.o ABSOLUTE
    DistanceFunctionsF16.c                   0x00000000   Number         0  distancefunctionsf16.o ABSOLUTE
    FastMathFunctions.c                      0x00000000   Number         0  fastmathfunctions.o ABSOLUTE
    FastMathFunctionsF16.c                   0x00000000   Number         0  fastmathfunctionsf16.o ABSOLUTE
    FilteringFunctions.c                     0x00000000   Number         0  filteringfunctions.o ABSOLUTE
    FilteringFunctionsF16.c                  0x00000000   Number         0  filteringfunctionsf16.o ABSOLUTE
    GPIO.c                                   0x00000000   Number         0  gpio.o ABSOLUTE
    InterpolationFunctions.c                 0x00000000   Number         0  interpolationfunctions.o ABSOLUTE
    InterpolationFunctionsF16.c              0x00000000   Number         0  interpolationfunctionsf16.o ABSOLUTE
    Jam&Lock.c                               0x00000000   Number         0  jam&lock.o ABSOLUTE
    MatrixFunctions.c                        0x00000000   Number         0  matrixfunctions.o ABSOLUTE
    MatrixFunctionsF16.c                     0x00000000   Number         0  matrixfunctionsf16.o ABSOLUTE
    QuaternionMathFunctions.c                0x00000000   Number         0  quaternionmathfunctions.o ABSOLUTE
    RTE/Device/TM4C123GH6PM/startup_TM4C123.s 0x00000000   Number         0  startup_tm4c123.o ABSOLUTE
    SVMFunctions.c                           0x00000000   Number         0  svmfunctions.o ABSOLUTE
    SVMFunctionsF16.c                        0x00000000   Number         0  svmfunctionsf16.o ABSOLUTE
    StatisticsFunctions.c                    0x00000000   Number         0  statisticsfunctions.o ABSOLUTE
    StatisticsFunctionsF16.c                 0x00000000   Number         0  statisticsfunctionsf16.o ABSOLUTE
    SupportFunctions.c                       0x00000000   Number         0  supportfunctions.o ABSOLUTE
    SupportFunctionsF16.c                    0x00000000   Number         0  supportfunctionsf16.o ABSOLUTE
    TransformFunctions.c                     0x00000000   Number         0  transformfunctions.o ABSOLUTE
    TransformFunctionsF16.c                  0x00000000   Number         0  transformfunctionsf16.o ABSOLUTE
    dc.s                                     0x00000000   Number         0  dc.o ABSOLUTE
    event_groups.c                           0x00000000   Number         0  event_groups.o ABSOLUTE
    freertos_evr.c                           0x00000000   Number         0  freertos_evr.o ABSOLUTE
    heap_4.c                                 0x00000000   Number         0  heap_4.o ABSOLUTE
    list.c                                   0x00000000   Number         0  list.o ABSOLUTE
    main.c                                   0x00000000   Number         0  main.o ABSOLUTE
    port.c                                   0x00000000   Number         0  port.o ABSOLUTE
    queue.c                                  0x00000000   Number         0  queue.o ABSOLUTE
    system_TM4C123.c                         0x00000000   Number         0  system_tm4c123.o ABSOLUTE
    tasks.c                                  0x00000000   Number         0  tasks.o ABSOLUTE
    RESET                                    0x00000000   Section      620  startup_tm4c123.o(RESET)
    !!!main                                  0x0000026c   Section        8  __main.o(!!!main)
    !!!scatter                               0x00000274   Section       52  __scatter.o(!!!scatter)
    !!handler_copy                           0x000002a8   Section       26  __scatter_copy.o(!!handler_copy)
    !!handler_zi                             0x000002c4   Section       28  __scatter_zi.o(!!handler_zi)
    .ARM.Collect$$libinit$$00000000          0x000002e0   Section        2  libinit.o(.ARM.Collect$$libinit$$00000000)
    .ARM.Collect$$libinit$$00000001          0x000002e2   Section        4  libinit2.o(.ARM.Collect$$libinit$$00000001)
    .ARM.Collect$$libinit$$00000004          0x000002e6   Section        0  libinit2.o(.ARM.Collect$$libinit$$00000004)
    .ARM.Collect$$libinit$$00000006          0x000002e6   Section        0  libinit2.o(.ARM.Collect$$libinit$$00000006)
    .ARM.Collect$$libinit$$0000000C          0x000002e6   Section        0  libinit2.o(.ARM.Collect$$libinit$$0000000C)
    .ARM.Collect$$libinit$$0000000E          0x000002e6   Section        0  libinit2.o(.ARM.Collect$$libinit$$0000000E)
    .ARM.Collect$$libinit$$00000010          0x000002e6   Section        0  libinit2.o(.ARM.Collect$$libinit$$00000010)
    .ARM.Collect$$libinit$$00000013          0x000002e6   Section        0  libinit2.o(.ARM.Collect$$libinit$$00000013)
    .ARM.Collect$$libinit$$00000015          0x000002e6   Section        0  libinit2.o(.ARM.Collect$$libinit$$00000015)
    .ARM.Collect$$libinit$$00000017          0x000002e6   Section        0  libinit2.o(.ARM.Collect$$libinit$$00000017)
    .ARM.Collect$$libinit$$00000019          0x000002e6   Section        0  libinit2.o(.ARM.Collect$$libinit$$00000019)
    .ARM.Collect$$libinit$$0000001B          0x000002e6   Section        0  libinit2.o(.ARM.Collect$$libinit$$0000001B)
    .ARM.Collect$$libinit$$0000001D          0x000002e6   Section        0  libinit2.o(.ARM.Collect$$libinit$$0000001D)
    .ARM.Collect$$libinit$$0000001F          0x000002e6   Section        0  libinit2.o(.ARM.Collect$$libinit$$0000001F)
    .ARM.Collect$$libinit$$00000021          0x000002e6   Section        0  libinit2.o(.ARM.Collect$$libinit$$00000021)
    .ARM.Collect$$libinit$$00000023          0x000002e6   Section        0  libinit2.o(.ARM.Collect$$libinit$$00000023)
    .ARM.Collect$$libinit$$00000025          0x000002e6   Section        0  libinit2.o(.ARM.Collect$$libinit$$00000025)
    .ARM.Collect$$libinit$$00000027          0x000002e6   Section        0  libinit2.o(.ARM.Collect$$libinit$$00000027)
    .ARM.Collect$$libinit$$0000002E          0x000002e6   Section        0  libinit2.o(.ARM.Collect$$libinit$$0000002E)
    .ARM.Collect$$libinit$$00000030          0x000002e6   Section        0  libinit2.o(.ARM.Collect$$libinit$$00000030)
    .ARM.Collect$$libinit$$00000032          0x000002e6   Section        0  libinit2.o(.ARM.Collect$$libinit$$00000032)
    .ARM.Collect$$libinit$$00000034          0x000002e6   Section        0  libinit2.o(.ARM.Collect$$libinit$$00000034)
    .ARM.Collect$$libinit$$00000035          0x000002e6   Section        2  libinit2.o(.ARM.Collect$$libinit$$00000035)
    .ARM.Collect$$libshutdown$$00000000      0x000002e8   Section        2  libshutdown.o(.ARM.Collect$$libshutdown$$00000000)
    .ARM.Collect$$libshutdown$$00000002      0x000002ea   Section        0  libshutdown2.o(.ARM.Collect$$libshutdown$$00000002)
    .ARM.Collect$$libshutdown$$00000004      0x000002ea   Section        0  libshutdown2.o(.ARM.Collect$$libshutdown$$00000004)
    .ARM.Collect$$libshutdown$$00000007      0x000002ea   Section        0  libshutdown2.o(.ARM.Collect$$libshutdown$$00000007)
    .ARM.Collect$$libshutdown$$0000000A      0x000002ea   Section        0  libshutdown2.o(.ARM.Collect$$libshutdown$$0000000A)
    .ARM.Collect$$libshutdown$$0000000C      0x000002ea   Section        0  libshutdown2.o(.ARM.Collect$$libshutdown$$0000000C)
    .ARM.Collect$$libshutdown$$0000000F      0x000002ea   Section        0  libshutdown2.o(.ARM.Collect$$libshutdown$$0000000F)
    .ARM.Collect$$libshutdown$$00000010      0x000002ea   Section        2  libshutdown2.o(.ARM.Collect$$libshutdown$$00000010)
    .ARM.Collect$$rtentry$$00000000          0x000002ec   Section        0  __rtentry.o(.ARM.Collect$$rtentry$$00000000)
    .ARM.Collect$$rtentry$$00000002          0x000002ec   Section        0  __rtentry2.o(.ARM.Collect$$rtentry$$00000002)
    .ARM.Collect$$rtentry$$00000004          0x000002ec   Section        6  __rtentry4.o(.ARM.Collect$$rtentry$$00000004)
    .ARM.Collect$$rtentry$$00000009          0x000002f2   Section        0  __rtentry2.o(.ARM.Collect$$rtentry$$00000009)
    .ARM.Collect$$rtentry$$0000000A          0x000002f2   Section        4  __rtentry2.o(.ARM.Collect$$rtentry$$0000000A)
    .ARM.Collect$$rtentry$$0000000C          0x000002f6   Section        0  __rtentry2.o(.ARM.Collect$$rtentry$$0000000C)
    .ARM.Collect$$rtentry$$0000000D          0x000002f6   Section        8  __rtentry2.o(.ARM.Collect$$rtentry$$0000000D)
    .ARM.Collect$$rtexit$$00000000           0x000002fe   Section        2  rtexit.o(.ARM.Collect$$rtexit$$00000000)
    .ARM.Collect$$rtexit$$00000002           0x00000300   Section        0  rtexit2.o(.ARM.Collect$$rtexit$$00000002)
    .ARM.Collect$$rtexit$$00000003           0x00000300   Section        4  rtexit2.o(.ARM.Collect$$rtexit$$00000003)
    .ARM.Collect$$rtexit$$00000004           0x00000304   Section        6  rtexit2.o(.ARM.Collect$$rtexit$$00000004)
    $v0                                      0x0000030c   Number         0  startup_tm4c123.o(.text)
    .text                                    0x0000030c   Section      276  startup_tm4c123.o(.text)
    .text                                    0x00000420   Section      138  rt_memcpy_v6.o(.text)
    .text                                    0x000004aa   Section      100  rt_memcpy_w.o(.text)
    .text                                    0x0000050e   Section       16  aeabi_memset4.o(.text)
    .text                                    0x0000051e   Section       68  rt_memclr.o(.text)
    .text                                    0x00000562   Section       78  rt_memclr_w.o(.text)
    .text                                    0x000005b0   Section        0  heapauxi.o(.text)
    .text                                    0x000005b6   Section        2  use_no_semi.o(.text)
    .text                                    0x000005b8   Section        0  indicate_semi.o(.text)
    .text                                    0x000005b8   Section        8  libspace.o(.text)
    .text                                    0x000005c0   Section       74  sys_stackheap_outer.o(.text)
    .text                                    0x0000060a   Section        0  exit.o(.text)
    .text                                    0x0000061c   Section        0  sys_exit.o(.text)
    [Anonymous Symbol]                       0x00000628   Section        0  gpio.o(.text.DIO_Init)
    [Anonymous Symbol]                       0x000007e0   Section        0  port.o(.text.PendSV_Handler)
    pxCurrentTCBConst                        0x00000840   Number         0  port.o(.text.PendSV_Handler)
    [Anonymous Symbol]                       0x00000850   Section        0  port.o(.text.SVC_Handler)
    pxCurrentTCBConst2                       0x00000870   Number         0  port.o(.text.SVC_Handler)
    [Anonymous Symbol]                       0x00000874   Section        0  port.o(.text.SysTick_Handler)
    [Anonymous Symbol]                       0x000008b0   Section        0  system_tm4c123.o(.text.SystemInit)
    [Anonymous Symbol]                       0x000009bc   Section        0  main.o(.text.check_pushed_btn)
    [Anonymous Symbol]                       0x00000b64   Section        0  main.o(.text.driver_down_auto)
    [Anonymous Symbol]                       0x00000c98   Section        0  main.o(.text.driver_down_manual)
    [Anonymous Symbol]                       0x00000d88   Section        0  main.o(.text.driver_up_auto)
    [Anonymous Symbol]                       0x00000ebc   Section        0  main.o(.text.driver_up_manual)
    [Anonymous Symbol]                       0x00000fa4   Section        0  tasks.o(.text.eTaskConfirmSleepModeStatus)
    [Anonymous Symbol]                       0x00001024   Section        0  main.o(.text.jamWindow)
    [Anonymous Symbol]                       0x000010b8   Section        0  main.o(.text.lockWindow)
    [Anonymous Symbol]                       0x00001140   Section        0  main.o(.text.main)
    prvAddCurrentTaskToDelayedList           0x000013fd   Thumb Code   290  tasks.o(.text.prvAddCurrentTaskToDelayedList)
    [Anonymous Symbol]                       0x000013fc   Section        0  tasks.o(.text.prvAddCurrentTaskToDelayedList)
    prvAddNewTaskToReadyList                 0x00001521   Thumb Code   340  tasks.o(.text.prvAddNewTaskToReadyList)
    [Anonymous Symbol]                       0x00001520   Section        0  tasks.o(.text.prvAddNewTaskToReadyList)
    prvCheckTasksWaitingTermination          0x00001675   Thumb Code    90  tasks.o(.text.prvCheckTasksWaitingTermination)
    [Anonymous Symbol]                       0x00001674   Section        0  tasks.o(.text.prvCheckTasksWaitingTermination)
    prvCopyDataFromQueue                     0x000016d1   Thumb Code    66  queue.o(.text.prvCopyDataFromQueue)
    [Anonymous Symbol]                       0x000016d0   Section        0  queue.o(.text.prvCopyDataFromQueue)
    prvCopyDataToQueue                       0x00001715   Thumb Code   204  queue.o(.text.prvCopyDataToQueue)
    [Anonymous Symbol]                       0x00001714   Section        0  queue.o(.text.prvCopyDataToQueue)
    prvDeleteTCB                             0x000017e1   Thumb Code    24  tasks.o(.text.prvDeleteTCB)
    [Anonymous Symbol]                       0x000017e0   Section        0  tasks.o(.text.prvDeleteTCB)
    prvGetDisinheritPriorityAfterTimeout     0x000017f9   Thumb Code    38  queue.o(.text.prvGetDisinheritPriorityAfterTimeout)
    [Anonymous Symbol]                       0x000017f8   Section        0  queue.o(.text.prvGetDisinheritPriorityAfterTimeout)
    prvGetExpectedIdleTime                   0x00001821   Thumb Code   124  tasks.o(.text.prvGetExpectedIdleTime)
    [Anonymous Symbol]                       0x00001820   Section        0  tasks.o(.text.prvGetExpectedIdleTime)
    prvHeapInit                              0x0000189d   Thumb Code   174  heap_4.o(.text.prvHeapInit)
    [Anonymous Symbol]                       0x0000189c   Section        0  heap_4.o(.text.prvHeapInit)
    prvIdleTask                              0x0000194d   Thumb Code   154  tasks.o(.text.prvIdleTask)
    [Anonymous Symbol]                       0x0000194c   Section        0  tasks.o(.text.prvIdleTask)
    prvInitialiseMutex                       0x000019e9   Thumb Code    44  queue.o(.text.prvInitialiseMutex)
    [Anonymous Symbol]                       0x000019e8   Section        0  queue.o(.text.prvInitialiseMutex)
    prvInitialiseNewQueue                    0x00001a15   Thumb Code    78  queue.o(.text.prvInitialiseNewQueue)
    [Anonymous Symbol]                       0x00001a14   Section        0  queue.o(.text.prvInitialiseNewQueue)
    prvInitialiseNewTask                     0x00001a65   Thumb Code   292  tasks.o(.text.prvInitialiseNewTask)
    [Anonymous Symbol]                       0x00001a64   Section        0  tasks.o(.text.prvInitialiseNewTask)
    prvInitialiseTaskLists                   0x00001b89   Thumb Code   142  tasks.o(.text.prvInitialiseTaskLists)
    [Anonymous Symbol]                       0x00001b88   Section        0  tasks.o(.text.prvInitialiseTaskLists)
    prvInsertBlockIntoFreeList               0x00001c19   Thumb Code   198  heap_4.o(.text.prvInsertBlockIntoFreeList)
    [Anonymous Symbol]                       0x00001c18   Section        0  heap_4.o(.text.prvInsertBlockIntoFreeList)
    prvIsQueueEmpty                          0x00001ce1   Thumb Code    40  queue.o(.text.prvIsQueueEmpty)
    [Anonymous Symbol]                       0x00001ce0   Section        0  queue.o(.text.prvIsQueueEmpty)
    prvIsQueueFull                           0x00001d09   Thumb Code    46  queue.o(.text.prvIsQueueFull)
    [Anonymous Symbol]                       0x00001d08   Section        0  queue.o(.text.prvIsQueueFull)
    prvNotifyQueueSetContainer               0x00001d39   Thumb Code   236  queue.o(.text.prvNotifyQueueSetContainer)
    [Anonymous Symbol]                       0x00001d38   Section        0  queue.o(.text.prvNotifyQueueSetContainer)
    prvPortStartFirstTask                    0x00001e25   Thumb Code    40  port.o(.text.prvPortStartFirstTask)
    [Anonymous Symbol]                       0x00001e24   Section        0  port.o(.text.prvPortStartFirstTask)
    prvResetNextTaskUnblockTime              0x00001e4d   Thumb Code    60  tasks.o(.text.prvResetNextTaskUnblockTime)
    [Anonymous Symbol]                       0x00001e4c   Section        0  tasks.o(.text.prvResetNextTaskUnblockTime)
    prvTaskExitError                         0x00001e89   Thumb Code    76  port.o(.text.prvTaskExitError)
    [Anonymous Symbol]                       0x00001e88   Section        0  port.o(.text.prvTaskExitError)
    prvUnlockQueue                           0x00001ed5   Thumb Code   204  queue.o(.text.prvUnlockQueue)
    [Anonymous Symbol]                       0x00001ed4   Section        0  queue.o(.text.prvUnlockQueue)
    [Anonymous Symbol]                       0x00001fa0   Section        0  main.o(.text.psng_down_auto)
    [Anonymous Symbol]                       0x000020dc   Section        0  main.o(.text.psng_down_manual)
    [Anonymous Symbol]                       0x00002198   Section        0  main.o(.text.psng_up_auto)
    [Anonymous Symbol]                       0x000022d4   Section        0  main.o(.text.psng_up_manual)
    [Anonymous Symbol]                       0x00002390   Section        0  heap_4.o(.text.pvPortMalloc)
    [Anonymous Symbol]                       0x00002558   Section        0  tasks.o(.text.pvTaskIncrementMutexHeldCount)
    [Anonymous Symbol]                       0x00002584   Section        0  port.o(.text.pxPortInitialiseStack)
    [Anonymous Symbol]                       0x000025e4   Section        0  list.o(.text.uxListRemove)
    [Anonymous Symbol]                       0x0000262c   Section        0  tasks.o(.text.uxTaskGetNumberOfTasks)
    [Anonymous Symbol]                       0x00002638   Section        0  list.o(.text.vListInitialise)
    [Anonymous Symbol]                       0x00002668   Section        0  list.o(.text.vListInitialiseItem)
    [Anonymous Symbol]                       0x00002678   Section        0  list.o(.text.vListInsert)
    vPortEnableVFP                           0x000026e5   Thumb Code    20  port.o(.text.vPortEnableVFP)
    [Anonymous Symbol]                       0x000026e4   Section        0  port.o(.text.vPortEnableVFP)
    [Anonymous Symbol]                       0x000026f8   Section        0  port.o(.text.vPortEnterCritical)
    [Anonymous Symbol]                       0x00002750   Section        0  port.o(.text.vPortExitCritical)
    [Anonymous Symbol]                       0x0000279c   Section        0  heap_4.o(.text.vPortFree)
    [Anonymous Symbol]                       0x00002858   Section        0  port.o(.text.vPortSetupTimerInterrupt)
    [Anonymous Symbol]                       0x000028d0   Section        0  port.o(.text.vPortSuppressTicksAndSleep)
    [Anonymous Symbol]                       0x00002af0   Section        0  tasks.o(.text.vTaskInternalSetTimeOutState)
    [Anonymous Symbol]                       0x00002b14   Section        0  tasks.o(.text.vTaskMissedYield)
    [Anonymous Symbol]                       0x00002b24   Section        0  tasks.o(.text.vTaskPlaceOnEventList)
    [Anonymous Symbol]                       0x00002b68   Section        0  tasks.o(.text.vTaskPriorityDisinheritAfterTimeout)
    [Anonymous Symbol]                       0x00002cec   Section        0  tasks.o(.text.vTaskStartScheduler)
    [Anonymous Symbol]                       0x00002d90   Section        0  tasks.o(.text.vTaskStepTick)
    [Anonymous Symbol]                       0x00002e5c   Section        0  tasks.o(.text.vTaskSuspendAll)
    __tagsym$$used.0                         0x00002e6c   Number         0  tasks.o(.text.vTaskSwitchContext)
    [Anonymous Symbol]                       0x00002e6c   Section        0  tasks.o(.text.vTaskSwitchContext)
    [Anonymous Symbol]                       0x00002f2c   Section        0  port.o(.text.xPortStartScheduler)
    [Anonymous Symbol]                       0x000030a8   Section        0  queue.o(.text.xQueueCreateMutex)
    [Anonymous Symbol]                       0x000030d0   Section        0  queue.o(.text.xQueueGenericCreate)
    [Anonymous Symbol]                       0x0000316c   Section        0  queue.o(.text.xQueueGenericReset)
    [Anonymous Symbol]                       0x00003274   Section        0  queue.o(.text.xQueueGenericSend)
    [Anonymous Symbol]                       0x000034e8   Section        0  queue.o(.text.xQueueReceive)
    [Anonymous Symbol]                       0x000036c4   Section        0  queue.o(.text.xQueueSemaphoreTake)
    [Anonymous Symbol]                       0x000038d4   Section        0  tasks.o(.text.xTaskCheckForTimeOut)
    [Anonymous Symbol]                       0x000039d0   Section        0  tasks.o(.text.xTaskCreate)
    [Anonymous Symbol]                       0x00003a70   Section        0  tasks.o(.text.xTaskGetSchedulerState)
    [Anonymous Symbol]                       0x00003aa8   Section        0  tasks.o(.text.xTaskIncrementTick)
    [Anonymous Symbol]                       0x00003d08   Section        0  tasks.o(.text.xTaskPriorityDisinherit)
    [Anonymous Symbol]                       0x00003e40   Section        0  tasks.o(.text.xTaskPriorityInherit)
    [Anonymous Symbol]                       0x00003f9c   Section        0  tasks.o(.text.xTaskRemoveFromEventList)
    [Anonymous Symbol]                       0x00004130   Section        0  tasks.o(.text.xTaskResumeAll)
    $v0                                      0x00004352   Number         0  fpinit.o(x$fpl$fpinit)
    x$fpl$fpinit                             0x00004352   Section       26  fpinit.o(x$fpl$fpinit)
    .L.str.2                                 0x0000436c   Data          19  main.o(.rodata.str1.1)
    [Anonymous Symbol]                       0x0000436c   Section        0  main.o(.rodata.str1.1)
    .L.str.8                                 0x0000437f   Data          30  main.o(.rodata.str1.1)
    .L.str.7                                 0x0000439d   Data          28  main.o(.rodata.str1.1)
    .L.str.4                                 0x000043b9   Data          27  main.o(.rodata.str1.1)
    .L.str.3                                 0x000043d4   Data          25  main.o(.rodata.str1.1)
    .L.str.9                                 0x000043ed   Data          27  main.o(.rodata.str1.1)
    .L.str.10                                0x00004408   Data          28  main.o(.rodata.str1.1)
    .L.str.6                                 0x00004424   Data          25  main.o(.rodata.str1.1)
    .L.str.5                                 0x0000443d   Data          23  main.o(.rodata.str1.1)
    .L.str                                   0x00004454   Data          12  main.o(.rodata.str1.1)
    .L.str.1                                 0x00004460   Data          11  main.o(.rodata.str1.1)
    .L.str                                   0x0000446b   Data           5  tasks.o(.rodata.str1.1)
    [Anonymous Symbol]                       0x0000446b   Section        0  tasks.o(.rodata.str1.1)
    uxCriticalNesting                        0x20000008   Data           4  port.o(.data.uxCriticalNesting)
    [Anonymous Symbol]                       0x20000008   Section        0  port.o(.data.uxCriticalNesting)
    .bss                                     0x20000010   Section       96  libspace.o(.bss)
    __tagsym$$used.1                         0x20000098   Number         0  tasks.o(.bss.pxCurrentTCB)
    pxDelayedTaskList                        0x2000009c   Data           4  tasks.o(.bss.pxDelayedTaskList)
    [Anonymous Symbol]                       0x2000009c   Section        0  tasks.o(.bss.pxDelayedTaskList)
    pxEnd                                    0x200000a0   Data           4  heap_4.o(.bss.pxEnd)
    [Anonymous Symbol]                       0x200000a0   Section        0  heap_4.o(.bss.pxEnd)
    pxOverflowDelayedTaskList                0x200000a4   Data           4  tasks.o(.bss.pxOverflowDelayedTaskList)
    [Anonymous Symbol]                       0x200000a4   Section        0  tasks.o(.bss.pxOverflowDelayedTaskList)
    pxReadyTasksLists                        0x200000a8   Data         100  tasks.o(.bss.pxReadyTasksLists)
    [Anonymous Symbol]                       0x200000a8   Section        0  tasks.o(.bss.pxReadyTasksLists)
    ucHeap                                   0x2000010c   Data        8192  heap_4.o(.bss.ucHeap)
    [Anonymous Symbol]                       0x2000010c   Section        0  heap_4.o(.bss.ucHeap)
    ucMaxSysCallPriority                     0x2000210c   Data           1  port.o(.bss.ucMaxSysCallPriority)
    [Anonymous Symbol]                       0x2000210c   Section        0  port.o(.bss.ucMaxSysCallPriority)
    ulMaxPRIGROUPValue                       0x20002110   Data           4  port.o(.bss.ulMaxPRIGROUPValue)
    [Anonymous Symbol]                       0x20002110   Section        0  port.o(.bss.ulMaxPRIGROUPValue)
    ulStoppedTimerCompensation               0x20002114   Data           4  port.o(.bss.ulStoppedTimerCompensation)
    [Anonymous Symbol]                       0x20002114   Section        0  port.o(.bss.ulStoppedTimerCompensation)
    ulTimerCountsForOneTick                  0x20002118   Data           4  port.o(.bss.ulTimerCountsForOneTick)
    [Anonymous Symbol]                       0x20002118   Section        0  port.o(.bss.ulTimerCountsForOneTick)
    uxCurrentNumberOfTasks                   0x2000211c   Data           4  tasks.o(.bss.uxCurrentNumberOfTasks)
    [Anonymous Symbol]                       0x2000211c   Section        0  tasks.o(.bss.uxCurrentNumberOfTasks)
    uxDeletedTasksWaitingCleanUp             0x20002120   Data           4  tasks.o(.bss.uxDeletedTasksWaitingCleanUp)
    [Anonymous Symbol]                       0x20002120   Section        0  tasks.o(.bss.uxDeletedTasksWaitingCleanUp)
    uxSchedulerSuspended                     0x20002124   Data           4  tasks.o(.bss.uxSchedulerSuspended)
    [Anonymous Symbol]                       0x20002124   Section        0  tasks.o(.bss.uxSchedulerSuspended)
    uxTaskNumber                             0x20002128   Data           4  tasks.o(.bss.uxTaskNumber)
    [Anonymous Symbol]                       0x20002128   Section        0  tasks.o(.bss.uxTaskNumber)
    uxTopReadyPriority                       0x2000212c   Data           4  tasks.o(.bss.uxTopReadyPriority)
    [Anonymous Symbol]                       0x2000212c   Section        0  tasks.o(.bss.uxTopReadyPriority)
    xDelayedTaskList1                        0x20002130   Data          20  tasks.o(.bss.xDelayedTaskList1)
    [Anonymous Symbol]                       0x20002130   Section        0  tasks.o(.bss.xDelayedTaskList1)
    xDelayedTaskList2                        0x20002144   Data          20  tasks.o(.bss.xDelayedTaskList2)
    [Anonymous Symbol]                       0x20002144   Section        0  tasks.o(.bss.xDelayedTaskList2)
    xFreeBytesRemaining                      0x20002158   Data           4  heap_4.o(.bss.xFreeBytesRemaining)
    [Anonymous Symbol]                       0x20002158   Section        0  heap_4.o(.bss.xFreeBytesRemaining)
    xIdleTaskHandle                          0x2000215c   Data           4  tasks.o(.bss.xIdleTaskHandle)
    [Anonymous Symbol]                       0x2000215c   Section        0  tasks.o(.bss.xIdleTaskHandle)
    xMaximumPossibleSuppressedTicks          0x20002160   Data           4  port.o(.bss.xMaximumPossibleSuppressedTicks)
    [Anonymous Symbol]                       0x20002160   Section        0  port.o(.bss.xMaximumPossibleSuppressedTicks)
    xMinimumEverFreeBytesRemaining           0x20002164   Data           4  heap_4.o(.bss.xMinimumEverFreeBytesRemaining)
    [Anonymous Symbol]                       0x20002164   Section        0  heap_4.o(.bss.xMinimumEverFreeBytesRemaining)
    xNextTaskUnblockTime                     0x2000216c   Data           4  tasks.o(.bss.xNextTaskUnblockTime)
    [Anonymous Symbol]                       0x2000216c   Section        0  tasks.o(.bss.xNextTaskUnblockTime)
    xNumOfOverflows                          0x20002170   Data           4  tasks.o(.bss.xNumOfOverflows)
    [Anonymous Symbol]                       0x20002170   Section        0  tasks.o(.bss.xNumOfOverflows)
    xNumberOfSuccessfulAllocations           0x20002174   Data           4  heap_4.o(.bss.xNumberOfSuccessfulAllocations)
    [Anonymous Symbol]                       0x20002174   Section        0  heap_4.o(.bss.xNumberOfSuccessfulAllocations)
    xNumberOfSuccessfulFrees                 0x20002178   Data           4  heap_4.o(.bss.xNumberOfSuccessfulFrees)
    [Anonymous Symbol]                       0x20002178   Section        0  heap_4.o(.bss.xNumberOfSuccessfulFrees)
    xPendedTicks                             0x2000217c   Data           4  tasks.o(.bss.xPendedTicks)
    [Anonymous Symbol]                       0x2000217c   Section        0  tasks.o(.bss.xPendedTicks)
    xPendingReadyList                        0x20002180   Data          20  tasks.o(.bss.xPendingReadyList)
    [Anonymous Symbol]                       0x20002180   Section        0  tasks.o(.bss.xPendingReadyList)
    xSchedulerRunning                        0x2000219c   Data           4  tasks.o(.bss.xSchedulerRunning)
    [Anonymous Symbol]                       0x2000219c   Section        0  tasks.o(.bss.xSchedulerRunning)
    xStart                                   0x200021a0   Data           8  heap_4.o(.bss.xStart)
    [Anonymous Symbol]                       0x200021a0   Section        0  heap_4.o(.bss.xStart)
    xSuspendedTaskList                       0x200021a8   Data          20  tasks.o(.bss.xSuspendedTaskList)
    [Anonymous Symbol]                       0x200021a8   Section        0  tasks.o(.bss.xSuspendedTaskList)
    xTasksWaitingTermination                 0x200021bc   Data          20  tasks.o(.bss.xTasksWaitingTermination)
    [Anonymous Symbol]                       0x200021bc   Section        0  tasks.o(.bss.xTasksWaitingTermination)
    xTickCount                               0x200021d0   Data           4  tasks.o(.bss.xTickCount)
    [Anonymous Symbol]                       0x200021d0   Section        0  tasks.o(.bss.xTickCount)
    xYieldPending                            0x200021d4   Data           4  tasks.o(.bss.xYieldPending)
    [Anonymous Symbol]                       0x200021d4   Section        0  tasks.o(.bss.xYieldPending)
    Heap_Mem                                 0x200021d8   Data           0  startup_tm4c123.o(HEAP)
    Stack_Mem                                0x200021d8   Data         512  startup_tm4c123.o(STACK)
    HEAP                                     0x200021d8   Section        0  startup_tm4c123.o(HEAP)
    STACK                                    0x200021d8   Section      512  startup_tm4c123.o(STACK)
    __initial_sp                             0x200023d8   Data           0  startup_tm4c123.o(STACK)

    Global Symbols

    Symbol Name                              Value     Ov Type        Size  Object(Section)

    BuildAttributes$$THM_ISAv4$E$P$D$K$B$S$7EM$VFPi3$EXTD16$VFPS$VFMA$PE$A:L22UL41UL21$X:L11$S22US41US21$IEEE1$IW$~IW$USESV6$~STKCKD$USESV7$~SHL$OTIME$ROPI$IEEEX$EBA8$UX$STANDARDLIB$REQ8$PRES8$EABIv2 0x00000000   Number         0  anon$$obj.o ABSOLUTE
    __Vectors                                0x00000000   Data           4  startup_tm4c123.o(RESET)
    __ARM_exceptions_init                     - Undefined Weak Reference
    __alloca_initialize                       - Undefined Weak Reference
    __arm_preinit_                            - Undefined Weak Reference
    __arm_relocate_pie_                       - Undefined Weak Reference
    __cpp_initialize__aeabi_                  - Undefined Weak Reference
    __cxa_finalize                            - Undefined Weak Reference
    __rt_locale                               - Undefined Weak Reference
    __sigvec_lookup                           - Undefined Weak Reference
    _atexit_init                              - Undefined Weak Reference
    _call_atexit_fns                          - Undefined Weak Reference
    _fp_trap_init                             - Undefined Weak Reference
    _fp_trap_shutdown                         - Undefined Weak Reference
    _get_lc_collate                           - Undefined Weak Reference
    _get_lc_ctype                             - Undefined Weak Reference
    _get_lc_monetary                          - Undefined Weak Reference
    _get_lc_numeric                           - Undefined Weak Reference
    _get_lc_time                              - Undefined Weak Reference
    _getenv_init                              - Undefined Weak Reference
    _handle_redirection                       - Undefined Weak Reference
    _init_alloc                               - Undefined Weak Reference
    _init_user_alloc                          - Undefined Weak Reference
    _initio                                   - Undefined Weak Reference
    _rand_init                                - Undefined Weak Reference
    _signal_finish                            - Undefined Weak Reference
    _signal_init                              - Undefined Weak Reference
    _terminate_alloc                          - Undefined Weak Reference
    _terminate_user_alloc                     - Undefined Weak Reference
    _terminateio                              - Undefined Weak Reference
    __Vectors_End                            0x0000026c   Data           0  startup_tm4c123.o(RESET)
    __Vectors_Size                           0x0000026c   Number         0  startup_tm4c123.o ABSOLUTE
    __main                                   0x0000026d   Thumb Code     8  __main.o(!!!main)
    __scatterload                            0x00000275   Thumb Code     0  __scatter.o(!!!scatter)
    __scatterload_rt2                        0x00000275   Thumb Code    44  __scatter.o(!!!scatter)
    __scatterload_rt2_thumb_only             0x00000275   Thumb Code     0  __scatter.o(!!!scatter)
    __scatterload_null                       0x00000283   Thumb Code     0  __scatter.o(!!!scatter)
    __scatterload_copy                       0x000002a9   Thumb Code    26  __scatter_copy.o(!!handler_copy)
    __scatterload_zeroinit                   0x000002c5   Thumb Code    28  __scatter_zi.o(!!handler_zi)
    __rt_lib_init                            0x000002e1   Thumb Code     0  libinit.o(.ARM.Collect$$libinit$$00000000)
    __rt_lib_init_fp_1                       0x000002e3   Thumb Code     0  libinit2.o(.ARM.Collect$$libinit$$00000001)
    __rt_lib_init_alloca_1                   0x000002e7   Thumb Code     0  libinit2.o(.ARM.Collect$$libinit$$00000030)
    __rt_lib_init_argv_1                     0x000002e7   Thumb Code     0  libinit2.o(.ARM.Collect$$libinit$$0000002E)
    __rt_lib_init_atexit_1                   0x000002e7   Thumb Code     0  libinit2.o(.ARM.Collect$$libinit$$0000001D)
    __rt_lib_init_clock_1                    0x000002e7   Thumb Code     0  libinit2.o(.ARM.Collect$$libinit$$00000023)
    __rt_lib_init_cpp_1                      0x000002e7   Thumb Code     0  libinit2.o(.ARM.Collect$$libinit$$00000034)
    __rt_lib_init_exceptions_1               0x000002e7   Thumb Code     0  libinit2.o(.ARM.Collect$$libinit$$00000032)
    __rt_lib_init_fp_trap_1                  0x000002e7   Thumb Code     0  libinit2.o(.ARM.Collect$$libinit$$00000021)
    __rt_lib_init_getenv_1                   0x000002e7   Thumb Code     0  libinit2.o(.ARM.Collect$$libinit$$00000025)
    __rt_lib_init_heap_1                     0x000002e7   Thumb Code     0  libinit2.o(.ARM.Collect$$libinit$$0000000C)
    __rt_lib_init_lc_collate_1               0x000002e7   Thumb Code     0  libinit2.o(.ARM.Collect$$libinit$$00000013)
    __rt_lib_init_lc_ctype_1                 0x000002e7   Thumb Code     0  libinit2.o(.ARM.Collect$$libinit$$00000015)
    __rt_lib_init_lc_monetary_1              0x000002e7   Thumb Code     0  libinit2.o(.ARM.Collect$$libinit$$00000017)
    __rt_lib_init_lc_numeric_1               0x000002e7   Thumb Code     0  libinit2.o(.ARM.Collect$$libinit$$00000019)
    __rt_lib_init_lc_time_1                  0x000002e7   Thumb Code     0  libinit2.o(.ARM.Collect$$libinit$$0000001B)
    __rt_lib_init_preinit_1                  0x000002e7   Thumb Code     0  libinit2.o(.ARM.Collect$$libinit$$00000006)
    __rt_lib_init_rand_1                     0x000002e7   Thumb Code     0  libinit2.o(.ARM.Collect$$libinit$$00000010)
    __rt_lib_init_relocate_pie_1             0x000002e7   Thumb Code     0  libinit2.o(.ARM.Collect$$libinit$$00000004)
    __rt_lib_init_return                     0x000002e7   Thumb Code     0  libinit2.o(.ARM.Collect$$libinit$$00000035)
    __rt_lib_init_signal_1                   0x000002e7   Thumb Code     0  libinit2.o(.ARM.Collect$$libinit$$0000001F)
    __rt_lib_init_stdio_1                    0x000002e7   Thumb Code     0  libinit2.o(.ARM.Collect$$libinit$$00000027)
    __rt_lib_init_user_alloc_1               0x000002e7   Thumb Code     0  libinit2.o(.ARM.Collect$$libinit$$0000000E)
    __rt_lib_shutdown                        0x000002e9   Thumb Code     0  libshutdown.o(.ARM.Collect$$libshutdown$$00000000)
    __rt_lib_shutdown_cpp_1                  0x000002eb   Thumb Code     0  libshutdown2.o(.ARM.Collect$$libshutdown$$00000002)
    __rt_lib_shutdown_fp_trap_1              0x000002eb   Thumb Code     0  libshutdown2.o(.ARM.Collect$$libshutdown$$00000007)
    __rt_lib_shutdown_heap_1                 0x000002eb   Thumb Code     0  libshutdown2.o(.ARM.Collect$$libshutdown$$0000000F)
    __rt_lib_shutdown_return                 0x000002eb   Thumb Code     0  libshutdown2.o(.ARM.Collect$$libshutdown$$00000010)
    __rt_lib_shutdown_signal_1               0x000002eb   Thumb Code     0  libshutdown2.o(.ARM.Collect$$libshutdown$$0000000A)
    __rt_lib_shutdown_stdio_1                0x000002eb   Thumb Code     0  libshutdown2.o(.ARM.Collect$$libshutdown$$00000004)
    __rt_lib_shutdown_user_alloc_1           0x000002eb   Thumb Code     0  libshutdown2.o(.ARM.Collect$$libshutdown$$0000000C)
    __rt_entry                               0x000002ed   Thumb Code     0  __rtentry.o(.ARM.Collect$$rtentry$$00000000)
    __rt_entry_presh_1                       0x000002ed   Thumb Code     0  __rtentry2.o(.ARM.Collect$$rtentry$$00000002)
    __rt_entry_sh                            0x000002ed   Thumb Code     0  __rtentry4.o(.ARM.Collect$$rtentry$$00000004)
    __rt_entry_li                            0x000002f3   Thumb Code     0  __rtentry2.o(.ARM.Collect$$rtentry$$0000000A)
    __rt_entry_postsh_1                      0x000002f3   Thumb Code     0  __rtentry2.o(.ARM.Collect$$rtentry$$00000009)
    __rt_entry_main                          0x000002f7   Thumb Code     0  __rtentry2.o(.ARM.Collect$$rtentry$$0000000D)
    __rt_entry_postli_1                      0x000002f7   Thumb Code     0  __rtentry2.o(.ARM.Collect$$rtentry$$0000000C)
    __rt_exit                                0x000002ff   Thumb Code     0  rtexit.o(.ARM.Collect$$rtexit$$00000000)
    __rt_exit_ls                             0x00000301   Thumb Code     0  rtexit2.o(.ARM.Collect$$rtexit$$00000003)
    __rt_exit_prels_1                        0x00000301   Thumb Code     0  rtexit2.o(.ARM.Collect$$rtexit$$00000002)
    __rt_exit_exit                           0x00000305   Thumb Code     0  rtexit2.o(.ARM.Collect$$rtexit$$00000004)
    Reset_Handler                            0x0000030d   Thumb Code     8  startup_tm4c123.o(.text)
    NMI_Handler                              0x00000315   Thumb Code     2  startup_tm4c123.o(.text)
    HardFault_Handler                        0x00000317   Thumb Code     2  startup_tm4c123.o(.text)
    MemManage_Handler                        0x00000319   Thumb Code     2  startup_tm4c123.o(.text)
    BusFault_Handler                         0x0000031b   Thumb Code     2  startup_tm4c123.o(.text)
    UsageFault_Handler                       0x0000031d   Thumb Code     2  startup_tm4c123.o(.text)
    DebugMon_Handler                         0x00000321   Thumb Code     2  startup_tm4c123.o(.text)
    GPIOA_Handler                            0x00000327   Thumb Code     2  startup_tm4c123.o(.text)
    GPIOB_Handler                            0x00000329   Thumb Code     2  startup_tm4c123.o(.text)
    GPIOC_Handler                            0x0000032b   Thumb Code     2  startup_tm4c123.o(.text)
    GPIOD_Handler                            0x0000032d   Thumb Code     2  startup_tm4c123.o(.text)
    GPIOE_Handler                            0x0000032f   Thumb Code     2  startup_tm4c123.o(.text)
    UART0_Handler                            0x00000331   Thumb Code     2  startup_tm4c123.o(.text)
    UART1_Handler                            0x00000333   Thumb Code     2  startup_tm4c123.o(.text)
    SSI0_Handler                             0x00000335   Thumb Code     2  startup_tm4c123.o(.text)
    I2C0_Handler                             0x00000337   Thumb Code     2  startup_tm4c123.o(.text)
    PMW0_FAULT_Handler                       0x00000339   Thumb Code     2  startup_tm4c123.o(.text)
    PWM0_0_Handler                           0x0000033b   Thumb Code     2  startup_tm4c123.o(.text)
    PWM0_1_Handler                           0x0000033d   Thumb Code     2  startup_tm4c123.o(.text)
    PWM0_2_Handler                           0x0000033f   Thumb Code     2  startup_tm4c123.o(.text)
    QEI0_Handler                             0x00000341   Thumb Code     2  startup_tm4c123.o(.text)
    ADC0SS0_Handler                          0x00000343   Thumb Code     2  startup_tm4c123.o(.text)
    ADC0SS1_Handler                          0x00000345   Thumb Code     2  startup_tm4c123.o(.text)
    ADC0SS2_Handler                          0x00000347   Thumb Code     2  startup_tm4c123.o(.text)
    ADC0SS3_Handler                          0x00000349   Thumb Code     2  startup_tm4c123.o(.text)
    WDT0_Handler                             0x0000034b   Thumb Code     2  startup_tm4c123.o(.text)
    TIMER0A_Handler                          0x0000034d   Thumb Code     2  startup_tm4c123.o(.text)
    TIMER0B_Handler                          0x0000034f   Thumb Code     2  startup_tm4c123.o(.text)
    TIMER1A_Handler                          0x00000351   Thumb Code     2  startup_tm4c123.o(.text)
    TIMER1B_Handler                          0x00000353   Thumb Code     2  startup_tm4c123.o(.text)
    TIMER2A_Handler                          0x00000355   Thumb Code     2  startup_tm4c123.o(.text)
    TIMER2B_Handler                          0x00000357   Thumb Code     2  startup_tm4c123.o(.text)
    COMP0_Handler                            0x00000359   Thumb Code     2  startup_tm4c123.o(.text)
    COMP1_Handler                            0x0000035b   Thumb Code     2  startup_tm4c123.o(.text)
    COMP2_Handler                            0x0000035d   Thumb Code     2  startup_tm4c123.o(.text)
    SYSCTL_Handler                           0x0000035f   Thumb Code     2  startup_tm4c123.o(.text)
    FLASH_Handler                            0x00000361   Thumb Code     2  startup_tm4c123.o(.text)
    GPIOF_Handler                            0x00000363   Thumb Code     2  startup_tm4c123.o(.text)
    GPIOG_Handler                            0x00000365   Thumb Code     2  startup_tm4c123.o(.text)
    GPIOH_Handler                            0x00000367   Thumb Code     2  startup_tm4c123.o(.text)
    UART2_Handler                            0x00000369   Thumb Code     2  startup_tm4c123.o(.text)
    SSI1_Handler                             0x0000036b   Thumb Code     2  startup_tm4c123.o(.text)
    TIMER3A_Handler                          0x0000036d   Thumb Code     2  startup_tm4c123.o(.text)
    TIMER3B_Handler                          0x0000036f   Thumb Code     2  startup_tm4c123.o(.text)
    I2C1_Handler                             0x00000371   Thumb Code     2  startup_tm4c123.o(.text)
    QEI1_Handler                             0x00000373   Thumb Code     2  startup_tm4c123.o(.text)
    CAN0_Handler                             0x00000375   Thumb Code     2  startup_tm4c123.o(.text)
    CAN1_Handler                             0x00000377   Thumb Code     2  startup_tm4c123.o(.text)
    CAN2_Handler                             0x00000379   Thumb Code     2  startup_tm4c123.o(.text)
    HIB_Handler                              0x0000037b   Thumb Code     2  startup_tm4c123.o(.text)
    USB0_Handler                             0x0000037d   Thumb Code     2  startup_tm4c123.o(.text)
    PWM0_3_Handler                           0x0000037f   Thumb Code     2  startup_tm4c123.o(.text)
    UDMA_Handler                             0x00000381   Thumb Code     2  startup_tm4c123.o(.text)
    UDMAERR_Handler                          0x00000383   Thumb Code     2  startup_tm4c123.o(.text)
    ADC1SS0_Handler                          0x00000385   Thumb Code     2  startup_tm4c123.o(.text)
    ADC1SS1_Handler                          0x00000387   Thumb Code     2  startup_tm4c123.o(.text)
    ADC1SS2_Handler                          0x00000389   Thumb Code     2  startup_tm4c123.o(.text)
    ADC1SS3_Handler                          0x0000038b   Thumb Code     2  startup_tm4c123.o(.text)
    GPIOJ_Handler                            0x0000038d   Thumb Code     2  startup_tm4c123.o(.text)
    GPIOK_Handler                            0x0000038f   Thumb Code     2  startup_tm4c123.o(.text)
    GPIOL_Handler                            0x00000391   Thumb Code     2  startup_tm4c123.o(.text)
    SSI2_Handler                             0x00000393   Thumb Code     2  startup_tm4c123.o(.text)
    SSI3_Handler                             0x00000395   Thumb Code     2  startup_tm4c123.o(.text)
    UART3_Handler                            0x00000397   Thumb Code     2  startup_tm4c123.o(.text)
    UART4_Handler                            0x00000399   Thumb Code     2  startup_tm4c123.o(.text)
    UART5_Handler                            0x0000039b   Thumb Code     2  startup_tm4c123.o(.text)
    UART6_Handler                            0x0000039d   Thumb Code     2  startup_tm4c123.o(.text)
    UART7_Handler                            0x0000039f   Thumb Code     2  startup_tm4c123.o(.text)
    I2C2_Handler                             0x000003a1   Thumb Code     2  startup_tm4c123.o(.text)
    I2C3_Handler                             0x000003a3   Thumb Code     2  startup_tm4c123.o(.text)
    TIMER4A_Handler                          0x000003a5   Thumb Code     2  startup_tm4c123.o(.text)
    TIMER4B_Handler                          0x000003a7   Thumb Code     2  startup_tm4c123.o(.text)
    TIMER5A_Handler                          0x000003a9   Thumb Code     2  startup_tm4c123.o(.text)
    TIMER5B_Handler                          0x000003ab   Thumb Code     2  startup_tm4c123.o(.text)
    WTIMER0A_Handler                         0x000003ad   Thumb Code     2  startup_tm4c123.o(.text)
    WTIMER0B_Handler                         0x000003af   Thumb Code     2  startup_tm4c123.o(.text)
    WTIMER1A_Handler                         0x000003b1   Thumb Code     2  startup_tm4c123.o(.text)
    WTIMER1B_Handler                         0x000003b3   Thumb Code     2  startup_tm4c123.o(.text)
    WTIMER2A_Handler                         0x000003b5   Thumb Code     2  startup_tm4c123.o(.text)
    WTIMER2B_Handler                         0x000003b7   Thumb Code     2  startup_tm4c123.o(.text)
    WTIMER3A_Handler                         0x000003b9   Thumb Code     2  startup_tm4c123.o(.text)
    WTIMER3B_Handler                         0x000003bb   Thumb Code     2  startup_tm4c123.o(.text)
    WTIMER4A_Handler                         0x000003bd   Thumb Code     2  startup_tm4c123.o(.text)
    WTIMER4B_Handler                         0x000003bf   Thumb Code     2  startup_tm4c123.o(.text)
    WTIMER5A_Handler                         0x000003c1   Thumb Code     2  startup_tm4c123.o(.text)
    WTIMER5B_Handler                         0x000003c3   Thumb Code     2  startup_tm4c123.o(.text)
    FPU_Handler                              0x000003c5   Thumb Code     2  startup_tm4c123.o(.text)
    I2C4_Handler                             0x000003c7   Thumb Code     2  startup_tm4c123.o(.text)
    I2C5_Handler                             0x000003c9   Thumb Code     2  startup_tm4c123.o(.text)
    GPIOM_Handler                            0x000003cb   Thumb Code     2  startup_tm4c123.o(.text)
    GPION_Handler                            0x000003cd   Thumb Code     2  startup_tm4c123.o(.text)
    QEI2_Handler                             0x000003cf   Thumb Code     2  startup_tm4c123.o(.text)
    GPIOP0_Handler                           0x000003d1   Thumb Code     2  startup_tm4c123.o(.text)
    GPIOP1_Handler                           0x000003d3   Thumb Code     2  startup_tm4c123.o(.text)
    GPIOP2_Handler                           0x000003d5   Thumb Code     2  startup_tm4c123.o(.text)
    GPIOP3_Handler                           0x000003d7   Thumb Code     2  startup_tm4c123.o(.text)
    GPIOP4_Handler                           0x000003d9   Thumb Code     2  startup_tm4c123.o(.text)
    GPIOP5_Handler                           0x000003db   Thumb Code     2  startup_tm4c123.o(.text)
    GPIOP6_Handler                           0x000003dd   Thumb Code     2  startup_tm4c123.o(.text)
    GPIOP7_Handler                           0x000003df   Thumb Code     2  startup_tm4c123.o(.text)
    GPIOQ0_Handler                           0x000003e1   Thumb Code     2  startup_tm4c123.o(.text)
    GPIOQ1_Handler                           0x000003e3   Thumb Code     2  startup_tm4c123.o(.text)
    GPIOQ2_Handler                           0x000003e5   Thumb Code     2  startup_tm4c123.o(.text)
    GPIOQ3_Handler                           0x000003e7   Thumb Code     2  startup_tm4c123.o(.text)
    GPIOQ4_Handler                           0x000003e9   Thumb Code     2  startup_tm4c123.o(.text)
    GPIOQ5_Handler                           0x000003eb   Thumb Code     2  startup_tm4c123.o(.text)
    GPIOQ6_Handler                           0x000003ed   Thumb Code     2  startup_tm4c123.o(.text)
    GPIOQ7_Handler                           0x000003ef   Thumb Code     2  startup_tm4c123.o(.text)
    GPIOR_Handler                            0x000003f1   Thumb Code     2  startup_tm4c123.o(.text)
    GPIOS_Handler                            0x000003f3   Thumb Code     2  startup_tm4c123.o(.text)
    PMW1_0_Handler                           0x000003f5   Thumb Code     2  startup_tm4c123.o(.text)
    PWM1_1_Handler                           0x000003f7   Thumb Code     2  startup_tm4c123.o(.text)
    PWM1_2_Handler                           0x000003f9   Thumb Code     2  startup_tm4c123.o(.text)
    PWM1_3_Handler                           0x000003fb   Thumb Code     2  startup_tm4c123.o(.text)
    PWM1_FAULT_Handler                       0x000003fd   Thumb Code     2  startup_tm4c123.o(.text)
    __user_initial_stackheap                 0x00000401   Thumb Code     0  startup_tm4c123.o(.text)
    __aeabi_memcpy                           0x00000421   Thumb Code     0  rt_memcpy_v6.o(.text)
    __rt_memcpy                              0x00000421   Thumb Code   138  rt_memcpy_v6.o(.text)
    _memcpy_lastbytes                        0x00000487   Thumb Code     0  rt_memcpy_v6.o(.text)
    __aeabi_memcpy4                          0x000004ab   Thumb Code     0  rt_memcpy_w.o(.text)
    __aeabi_memcpy8                          0x000004ab   Thumb Code     0  rt_memcpy_w.o(.text)
    __rt_memcpy_w                            0x000004ab   Thumb Code   100  rt_memcpy_w.o(.text)
    _memcpy_lastbytes_aligned                0x000004f3   Thumb Code     0  rt_memcpy_w.o(.text)
    __aeabi_memset4                          0x0000050f   Thumb Code    16  aeabi_memset4.o(.text)
    __aeabi_memset8                          0x0000050f   Thumb Code     0  aeabi_memset4.o(.text)
    __aeabi_memclr                           0x0000051f   Thumb Code     0  rt_memclr.o(.text)
    __rt_memclr                              0x0000051f   Thumb Code     0  rt_memclr.o(.text)
    _memset                                  0x00000523   Thumb Code    64  rt_memclr.o(.text)
    __aeabi_memclr4                          0x00000563   Thumb Code     0  rt_memclr_w.o(.text)
    __aeabi_memclr8                          0x00000563   Thumb Code     0  rt_memclr_w.o(.text)
    __rt_memclr_w                            0x00000563   Thumb Code     0  rt_memclr_w.o(.text)
    _memset_w                                0x00000567   Thumb Code    74  rt_memclr_w.o(.text)
    __use_two_region_memory                  0x000005b1   Thumb Code     2  heapauxi.o(.text)
    __rt_heap_escrow$2region                 0x000005b3   Thumb Code     2  heapauxi.o(.text)
    __rt_heap_expand$2region                 0x000005b5   Thumb Code     2  heapauxi.o(.text)
    __I$use$semihosting                      0x000005b7   Thumb Code     0  use_no_semi.o(.text)
    __use_no_semihosting_swi                 0x000005b7   Thumb Code     2  use_no_semi.o(.text)
    __semihosting_library_function           0x000005b9   Thumb Code     0  indicate_semi.o(.text)
    __user_libspace                          0x000005b9   Thumb Code     8  libspace.o(.text)
    __user_perproc_libspace                  0x000005b9   Thumb Code     0  libspace.o(.text)
    __user_perthread_libspace                0x000005b9   Thumb Code     0  libspace.o(.text)
    __user_setup_stackheap                   0x000005c1   Thumb Code    74  sys_stackheap_outer.o(.text)
    exit                                     0x0000060b   Thumb Code    18  exit.o(.text)
    _sys_exit                                0x0000061d   Thumb Code     8  sys_exit.o(.text)
    DIO_Init                                 0x00000629   Thumb Code   432  gpio.o(.text.DIO_Init)
    PendSV_Handler                           0x000007e1   Thumb Code   100  port.o(.text.PendSV_Handler)
    SVC_Handler                              0x00000851   Thumb Code    36  port.o(.text.SVC_Handler)
    SysTick_Handler                          0x00000875   Thumb Code    60  port.o(.text.SysTick_Handler)
    SystemInit                               0x000008b1   Thumb Code   268  system_tm4c123.o(.text.SystemInit)
    check_pushed_btn                         0x000009bd   Thumb Code   422  main.o(.text.check_pushed_btn)
    driver_down_auto                         0x00000b65   Thumb Code   308  main.o(.text.driver_down_auto)
    driver_down_manual                       0x00000c99   Thumb Code   238  main.o(.text.driver_down_manual)
    driver_up_auto                           0x00000d89   Thumb Code   308  main.o(.text.driver_up_auto)
    driver_up_manual                         0x00000ebd   Thumb Code   230  main.o(.text.driver_up_manual)
    eTaskConfirmSleepModeStatus              0x00000fa5   Thumb Code   128  tasks.o(.text.eTaskConfirmSleepModeStatus)
    jamWindow                                0x00001025   Thumb Code   146  main.o(.text.jamWindow)
    lockWindow                               0x000010b9   Thumb Code   134  main.o(.text.lockWindow)
    main                                     0x00001141   Thumb Code   700  main.o(.text.main)
    psng_down_auto                           0x00001fa1   Thumb Code   316  main.o(.text.psng_down_auto)
    psng_down_manual                         0x000020dd   Thumb Code   188  main.o(.text.psng_down_manual)
    psng_up_auto                             0x00002199   Thumb Code   316  main.o(.text.psng_up_auto)
    psng_up_manual                           0x000022d5   Thumb Code   188  main.o(.text.psng_up_manual)
    pvPortMalloc                             0x00002391   Thumb Code   456  heap_4.o(.text.pvPortMalloc)
    pvTaskIncrementMutexHeldCount            0x00002559   Thumb Code    44  tasks.o(.text.pvTaskIncrementMutexHeldCount)
    pxPortInitialiseStack                    0x00002585   Thumb Code    94  port.o(.text.pxPortInitialiseStack)
    uxListRemove                             0x000025e5   Thumb Code    72  list.o(.text.uxListRemove)
    uxTaskGetNumberOfTasks                   0x0000262d   Thumb Code    12  tasks.o(.text.uxTaskGetNumberOfTasks)
    vListInitialise                          0x00002639   Thumb Code    46  list.o(.text.vListInitialise)
    vListInitialiseItem                      0x00002669   Thumb Code    14  list.o(.text.vListInitialiseItem)
    vListInsert                              0x00002679   Thumb Code   106  list.o(.text.vListInsert)
    vPortEnterCritical                       0x000026f9   Thumb Code    86  port.o(.text.vPortEnterCritical)
    vPortExitCritical                        0x00002751   Thumb Code    74  port.o(.text.vPortExitCritical)
    vPortFree                                0x0000279d   Thumb Code   186  heap_4.o(.text.vPortFree)
    vPortSetupTimerInterrupt                 0x00002859   Thumb Code   120  port.o(.text.vPortSetupTimerInterrupt)
    vPortSuppressTicksAndSleep               0x000028d1   Thumb Code   544  port.o(.text.vPortSuppressTicksAndSleep)
    vTaskInternalSetTimeOutState             0x00002af1   Thumb Code    36  tasks.o(.text.vTaskInternalSetTimeOutState)
    vTaskMissedYield                         0x00002b15   Thumb Code    14  tasks.o(.text.vTaskMissedYield)
    vTaskPlaceOnEventList                    0x00002b25   Thumb Code    66  tasks.o(.text.vTaskPlaceOnEventList)
    vTaskPriorityDisinheritAfterTimeout      0x00002b69   Thumb Code   386  tasks.o(.text.vTaskPriorityDisinheritAfterTimeout)
    vTaskStartScheduler                      0x00002ced   Thumb Code   162  tasks.o(.text.vTaskStartScheduler)
    vTaskStepTick                            0x00002d91   Thumb Code   204  tasks.o(.text.vTaskStepTick)
    vTaskSuspendAll                          0x00002e5d   Thumb Code    16  tasks.o(.text.vTaskSuspendAll)
    vTaskSwitchContext                       0x00002e6d   Thumb Code   190  tasks.o(.text.vTaskSwitchContext)
    xPortStartScheduler                      0x00002f2d   Thumb Code   380  port.o(.text.xPortStartScheduler)
    xQueueCreateMutex                        0x000030a9   Thumb Code    38  queue.o(.text.xQueueCreateMutex)
    xQueueGenericCreate                      0x000030d1   Thumb Code   154  queue.o(.text.xQueueGenericCreate)
    xQueueGenericReset                       0x0000316d   Thumb Code   264  queue.o(.text.xQueueGenericReset)
    xQueueGenericSend                        0x00003275   Thumb Code   628  queue.o(.text.xQueueGenericSend)
    xQueueReceive                            0x000034e9   Thumb Code   476  queue.o(.text.xQueueReceive)
    xQueueSemaphoreTake                      0x000036c5   Thumb Code   528  queue.o(.text.xQueueSemaphoreTake)
    xTaskCheckForTimeOut                     0x000038d5   Thumb Code   252  tasks.o(.text.xTaskCheckForTimeOut)
    xTaskCreate                              0x000039d1   Thumb Code   160  tasks.o(.text.xTaskCreate)
    xTaskGetSchedulerState                   0x00003a71   Thumb Code    56  tasks.o(.text.xTaskGetSchedulerState)
    xTaskIncrementTick                       0x00003aa9   Thumb Code   608  tasks.o(.text.xTaskIncrementTick)
    xTaskPriorityDisinherit                  0x00003d09   Thumb Code   312  tasks.o(.text.xTaskPriorityDisinherit)
    xTaskPriorityInherit                     0x00003e41   Thumb Code   348  tasks.o(.text.xTaskPriorityInherit)
    xTaskRemoveFromEventList                 0x00003f9d   Thumb Code   402  tasks.o(.text.xTaskRemoveFromEventList)
    xTaskResumeAll                           0x00004131   Thumb Code   546  tasks.o(.text.xTaskResumeAll)
    _fp_init                                 0x00004353   Thumb Code    26  fpinit.o(x$fpl$fpinit)
    __fplib_config_fpu_vfp                   0x0000436b   Thumb Code     0  fpinit.o(x$fpl$fpinit)
    __fplib_config_pureend_doubles           0x0000436b   Thumb Code     0  fpinit.o(x$fpl$fpinit)
    uxTopUsedPriority                        0x00004470   Data           4  tasks.o(.rodata.uxTopUsedPriority)
    Region$$Table$$Base                      0x00004474   Number         0  anon$$obj.o(Region$$Table)
    Region$$Table$$Limit                     0x00004494   Number         0  anon$$obj.o(Region$$Table)
    SystemCoreClock                          0x20000000   Data           4  system_tm4c123.o(.data.SystemCoreClock)
    queueV                                   0x20000004   Data           4  main.o(.data.queueV)
    __libspace_start                         0x20000010   Data          96  libspace.o(.bss)
    __temporary_stack_top$libspace           0x20000070   Data           0  libspace.o(.bss)
    check_btn_handle                         0x20000070   Data           4  main.o(.bss.check_btn_handle)
    ctrlSemaphore                            0x20000074   Data           4  main.o(.bss.ctrlSemaphore)
    ddaSemaphore                             0x20000078   Data           4  main.o(.bss.ddaSemaphore)
    ddmSemaphore                             0x2000007c   Data           4  main.o(.bss.ddmSemaphore)
    duaSemaphore                             0x20000080   Data           4  main.o(.bss.duaSemaphore)
    dumSemaphore                             0x20000084   Data           4  main.o(.bss.dumSemaphore)
    pdaSemaphore                             0x20000088   Data           4  main.o(.bss.pdaSemaphore)
    pdmSemaphore                             0x2000008c   Data           4  main.o(.bss.pdmSemaphore)
    puaSemaphore                             0x20000090   Data           4  main.o(.bss.puaSemaphore)
    pumSemaphore                             0x20000094   Data           4  main.o(.bss.pumSemaphore)
    pxCurrentTCB                             0x20000098   Data           4  tasks.o(.bss.pxCurrentTCB)
    xMutex                                   0x20002168   Data           4  main.o(.bss.xMutex)
    xQueueJam                                0x20002194   Data           4  main.o(.bss.xQueueJam)
    xQueueLock                               0x20002198   Data           4  main.o(.bss.xQueueLock)



==============================================================================

Memory Map of the image

  Image Entry point : 0x0000030d

  Load Region LR_1 (Base: 0x00000000, Size: 0x000044a0, Max: 0xffffffff, ABSOLUTE)

    Execution Region ER_RO (Exec base: 0x00000000, Load base: 0x00000000, Size: 0x00004494, Max: 0xffffffff, ABSOLUTE)

    Exec Addr    Load Addr    Size         Type   Attr      Idx    E Section Name        Object

    0x00000000   0x00000000   0x0000026c   Data   RO         1838    RESET               startup_tm4c123.o
    0x0000026c   0x0000026c   0x00000008   Code   RO         2260  * !!!main             c_w.l(__main.o)
    0x00000274   0x00000274   0x00000034   Code   RO         2599    !!!scatter          c_w.l(__scatter.o)
    0x000002a8   0x000002a8   0x0000001a   Code   RO         2601    !!handler_copy      c_w.l(__scatter_copy.o)
    0x000002c2   0x000002c2   0x00000002   PAD
    0x000002c4   0x000002c4   0x0000001c   Code   RO         2603    !!handler_zi        c_w.l(__scatter_zi.o)
    0x000002e0   0x000002e0   0x00000002   Code   RO         2522    .ARM.Collect$$libinit$$00000000  c_w.l(libinit.o)
    0x000002e2   0x000002e2   0x00000004   Code   RO         2369    .ARM.Collect$$libinit$$00000001  c_w.l(libinit2.o)
    0x000002e6   0x000002e6   0x00000000   Code   RO         2372    .ARM.Collect$$libinit$$00000004  c_w.l(libinit2.o)
    0x000002e6   0x000002e6   0x00000000   Code   RO         2374    .ARM.Collect$$libinit$$00000006  c_w.l(libinit2.o)
    0x000002e6   0x000002e6   0x00000000   Code   RO         2377    .ARM.Collect$$libinit$$0000000C  c_w.l(libinit2.o)
    0x000002e6   0x000002e6   0x00000000   Code   RO         2379    .ARM.Collect$$libinit$$0000000E  c_w.l(libinit2.o)
    0x000002e6   0x000002e6   0x00000000   Code   RO         2381    .ARM.Collect$$libinit$$00000010  c_w.l(libinit2.o)
    0x000002e6   0x000002e6   0x00000000   Code   RO         2384    .ARM.Collect$$libinit$$00000013  c_w.l(libinit2.o)
    0x000002e6   0x000002e6   0x00000000   Code   RO         2386    .ARM.Collect$$libinit$$00000015  c_w.l(libinit2.o)
    0x000002e6   0x000002e6   0x00000000   Code   RO         2388    .ARM.Collect$$libinit$$00000017  c_w.l(libinit2.o)
    0x000002e6   0x000002e6   0x00000000   Code   RO         2390    .ARM.Collect$$libinit$$00000019  c_w.l(libinit2.o)
    0x000002e6   0x000002e6   0x00000000   Code   RO         2392    .ARM.Collect$$libinit$$0000001B  c_w.l(libinit2.o)
    0x000002e6   0x000002e6   0x00000000   Code   RO         2394    .ARM.Collect$$libinit$$0000001D  c_w.l(libinit2.o)
    0x000002e6   0x000002e6   0x00000000   Code   RO         2396    .ARM.Collect$$libinit$$0000001F  c_w.l(libinit2.o)
    0x000002e6   0x000002e6   0x00000000   Code   RO         2398    .ARM.Collect$$libinit$$00000021  c_w.l(libinit2.o)
    0x000002e6   0x000002e6   0x00000000   Code   RO         2400    .ARM.Collect$$libinit$$00000023  c_w.l(libinit2.o)
    0x000002e6   0x000002e6   0x00000000   Code   RO         2402    .ARM.Collect$$libinit$$00000025  c_w.l(libinit2.o)
    0x000002e6   0x000002e6   0x00000000   Code   RO         2404    .ARM.Collect$$libinit$$00000027  c_w.l(libinit2.o)
    0x000002e6   0x000002e6   0x00000000   Code   RO         2408    .ARM.Collect$$libinit$$0000002E  c_w.l(libinit2.o)
    0x000002e6   0x000002e6   0x00000000   Code   RO         2410    .ARM.Collect$$libinit$$00000030  c_w.l(libinit2.o)
    0x000002e6   0x000002e6   0x00000000   Code   RO         2412    .ARM.Collect$$libinit$$00000032  c_w.l(libinit2.o)
    0x000002e6   0x000002e6   0x00000000   Code   RO         2414    .ARM.Collect$$libinit$$00000034  c_w.l(libinit2.o)
    0x000002e6   0x000002e6   0x00000002   Code   RO         2415    .ARM.Collect$$libinit$$00000035  c_w.l(libinit2.o)
    0x000002e8   0x000002e8   0x00000002   Code   RO         2566    .ARM.Collect$$libshutdown$$00000000  c_w.l(libshutdown.o)
    0x000002ea   0x000002ea   0x00000000   Code   RO         2582    .ARM.Collect$$libshutdown$$00000002  c_w.l(libshutdown2.o)
    0x000002ea   0x000002ea   0x00000000   Code   RO         2584    .ARM.Collect$$libshutdown$$00000004  c_w.l(libshutdown2.o)
    0x000002ea   0x000002ea   0x00000000   Code   RO         2587    .ARM.Collect$$libshutdown$$00000007  c_w.l(libshutdown2.o)
    0x000002ea   0x000002ea   0x00000000   Code   RO         2590    .ARM.Collect$$libshutdown$$0000000A  c_w.l(libshutdown2.o)
    0x000002ea   0x000002ea   0x00000000   Code   RO         2592    .ARM.Collect$$libshutdown$$0000000C  c_w.l(libshutdown2.o)
    0x000002ea   0x000002ea   0x00000000   Code   RO         2595    .ARM.Collect$$libshutdown$$0000000F  c_w.l(libshutdown2.o)
    0x000002ea   0x000002ea   0x00000002   Code   RO         2596    .ARM.Collect$$libshutdown$$00000010  c_w.l(libshutdown2.o)
    0x000002ec   0x000002ec   0x00000000   Code   RO         2362    .ARM.Collect$$rtentry$$00000000  c_w.l(__rtentry.o)
    0x000002ec   0x000002ec   0x00000000   Code   RO         2475    .ARM.Collect$$rtentry$$00000002  c_w.l(__rtentry2.o)
    0x000002ec   0x000002ec   0x00000006   Code   RO         2487    .ARM.Collect$$rtentry$$00000004  c_w.l(__rtentry4.o)
    0x000002f2   0x000002f2   0x00000000   Code   RO         2477    .ARM.Collect$$rtentry$$00000009  c_w.l(__rtentry2.o)
    0x000002f2   0x000002f2   0x00000004   Code   RO         2478    .ARM.Collect$$rtentry$$0000000A  c_w.l(__rtentry2.o)
    0x000002f6   0x000002f6   0x00000000   Code   RO         2480    .ARM.Collect$$rtentry$$0000000C  c_w.l(__rtentry2.o)
    0x000002f6   0x000002f6   0x00000008   Code   RO         2481    .ARM.Collect$$rtentry$$0000000D  c_w.l(__rtentry2.o)
    0x000002fe   0x000002fe   0x00000002   Code   RO         2527    .ARM.Collect$$rtexit$$00000000  c_w.l(rtexit.o)
    0x00000300   0x00000300   0x00000000   Code   RO         2546    .ARM.Collect$$rtexit$$00000002  c_w.l(rtexit2.o)
    0x00000300   0x00000300   0x00000004   Code   RO         2547    .ARM.Collect$$rtexit$$00000003  c_w.l(rtexit2.o)
    0x00000304   0x00000304   0x00000006   Code   RO         2548    .ARM.Collect$$rtexit$$00000004  c_w.l(rtexit2.o)
    0x0000030a   0x0000030a   0x00000002   PAD
    0x0000030c   0x0000030c   0x00000114   Code   RO         1839  * .text               startup_tm4c123.o
    0x00000420   0x00000420   0x0000008a   Code   RO         2248    .text               c_w.l(rt_memcpy_v6.o)
    0x000004aa   0x000004aa   0x00000064   Code   RO         2250    .text               c_w.l(rt_memcpy_w.o)
    0x0000050e   0x0000050e   0x00000010   Code   RO         2252    .text               c_w.l(aeabi_memset4.o)
    0x0000051e   0x0000051e   0x00000044   Code   RO         2254    .text               c_w.l(rt_memclr.o)
    0x00000562   0x00000562   0x0000004e   Code   RO         2256    .text               c_w.l(rt_memclr_w.o)
    0x000005b0   0x000005b0   0x00000006   Code   RO         2258    .text               c_w.l(heapauxi.o)
    0x000005b6   0x000005b6   0x00000002   Code   RO         2359    .text               c_w.l(use_no_semi.o)
    0x000005b8   0x000005b8   0x00000000   Code   RO         2361    .text               c_w.l(indicate_semi.o)
    0x000005b8   0x000005b8   0x00000008   Code   RO         2502    .text               c_w.l(libspace.o)
    0x000005c0   0x000005c0   0x0000004a   Code   RO         2505    .text               c_w.l(sys_stackheap_outer.o)
    0x0000060a   0x0000060a   0x00000012   Code   RO         2507    .text               c_w.l(exit.o)
    0x0000061c   0x0000061c   0x0000000c   Code   RO         2541    .text               c_w.l(sys_exit.o)
    0x00000628   0x00000628   0x000001b0   Code   RO           60    .text.DIO_Init      gpio.o
    0x000007d8   0x000007d8   0x00000008   PAD
    0x000007e0   0x000007e0   0x00000064   Code   RO         1929    .text.PendSV_Handler  port.o
    0x00000844   0x00000844   0x0000000c   PAD
    0x00000850   0x00000850   0x00000024   Code   RO         1913    .text.SVC_Handler   port.o
    0x00000874   0x00000874   0x0000003c   Code   RO         1931    .text.SysTick_Handler  port.o
    0x000008b0   0x000008b0   0x0000010c   Code   RO         1850    .text.SystemInit    system_tm4c123.o
    0x000009bc   0x000009bc   0x000001a6   Code   RO            8    .text.check_pushed_btn  main.o
    0x00000b62   0x00000b62   0x00000002   PAD
    0x00000b64   0x00000b64   0x00000134   Code   RO           16    .text.driver_down_auto  main.o
    0x00000c98   0x00000c98   0x000000ee   Code   RO           12    .text.driver_down_manual  main.o
    0x00000d86   0x00000d86   0x00000002   PAD
    0x00000d88   0x00000d88   0x00000134   Code   RO           14    .text.driver_up_auto  main.o
    0x00000ebc   0x00000ebc   0x000000e6   Code   RO           10    .text.driver_up_manual  main.o
    0x00000fa2   0x00000fa2   0x00000002   PAD
    0x00000fa4   0x00000fa4   0x00000080   Code   RO         2159    .text.eTaskConfirmSleepModeStatus  tasks.o
    0x00001024   0x00001024   0x00000092   Code   RO            6    .text.jamWindow     main.o
    0x000010b6   0x000010b6   0x00000002   PAD
    0x000010b8   0x000010b8   0x00000086   Code   RO            4    .text.lockWindow    main.o
    0x0000113e   0x0000113e   0x00000002   PAD
    0x00001140   0x00001140   0x000002bc   Code   RO            2    .text.main          main.o
    0x000013fc   0x000013fc   0x00000122   Code   RO         2083    .text.prvAddCurrentTaskToDelayedList  tasks.o
    0x0000151e   0x0000151e   0x00000002   PAD
    0x00001520   0x00001520   0x00000154   Code   RO         2071    .text.prvAddNewTaskToReadyList  tasks.o
    0x00001674   0x00001674   0x0000005a   Code   RO         2199    .text.prvCheckTasksWaitingTermination  tasks.o
    0x000016ce   0x000016ce   0x00000002   PAD
    0x000016d0   0x000016d0   0x00000042   Code   RO         2020    .text.prvCopyDataFromQueue  queue.o
    0x00001712   0x00001712   0x00000002   PAD
    0x00001714   0x00001714   0x000000cc   Code   RO         2006    .text.prvCopyDataToQueue  queue.o
    0x000017e0   0x000017e0   0x00000018   Code   RO         2077    .text.prvDeleteTCB  tasks.o
    0x000017f8   0x000017f8   0x00000026   Code   RO         2024    .text.prvGetDisinheritPriorityAfterTimeout  queue.o
    0x0000181e   0x0000181e   0x00000002   PAD
    0x00001820   0x00001820   0x0000007c   Code   RO         2201    .text.prvGetExpectedIdleTime  tasks.o
    0x0000189c   0x0000189c   0x000000ae   Code   RO         1952    .text.prvHeapInit   heap_4.o
    0x0000194a   0x0000194a   0x00000002   PAD
    0x0000194c   0x0000194c   0x0000009a   Code   RO         2109    .text.prvIdleTask   tasks.o
    0x000019e6   0x000019e6   0x00000002   PAD
    0x000019e8   0x000019e8   0x0000002c   Code   RO         1990    .text.prvInitialiseMutex  queue.o
    0x00001a14   0x00001a14   0x0000004e   Code   RO         1986    .text.prvInitialiseNewQueue  queue.o
    0x00001a62   0x00001a62   0x00000002   PAD
    0x00001a64   0x00001a64   0x00000124   Code   RO         2069    .text.prvInitialiseNewTask  tasks.o
    0x00001b88   0x00001b88   0x0000008e   Code   RO         2197    .text.prvInitialiseTaskLists  tasks.o
    0x00001c16   0x00001c16   0x00000002   PAD
    0x00001c18   0x00001c18   0x000000c6   Code   RO         1954    .text.prvInsertBlockIntoFreeList  heap_4.o
    0x00001cde   0x00001cde   0x00000002   PAD
    0x00001ce0   0x00001ce0   0x00000028   Code   RO         2022    .text.prvIsQueueEmpty  queue.o
    0x00001d08   0x00001d08   0x0000002e   Code   RO         2010    .text.prvIsQueueFull  queue.o
    0x00001d36   0x00001d36   0x00000002   PAD
    0x00001d38   0x00001d38   0x000000ec   Code   RO         2008    .text.prvNotifyQueueSetContainer  queue.o
    0x00001e24   0x00001e24   0x00000028   Code   RO         1921    .text.prvPortStartFirstTask  port.o
    0x00001e4c   0x00001e4c   0x0000003c   Code   RO         2075    .text.prvResetNextTaskUnblockTime  tasks.o
    0x00001e88   0x00001e88   0x0000004c   Code   RO         1911    .text.prvTaskExitError  port.o
    0x00001ed4   0x00001ed4   0x000000cc   Code   RO         2012    .text.prvUnlockQueue  queue.o
    0x00001fa0   0x00001fa0   0x0000013c   Code   RO           24    .text.psng_down_auto  main.o
    0x000020dc   0x000020dc   0x000000bc   Code   RO           20    .text.psng_down_manual  main.o
    0x00002198   0x00002198   0x0000013c   Code   RO           22    .text.psng_up_auto  main.o
    0x000022d4   0x000022d4   0x000000bc   Code   RO           18    .text.psng_up_manual  main.o
    0x00002390   0x00002390   0x000001c8   Code   RO         1950    .text.pvPortMalloc  heap_4.o
    0x00002558   0x00002558   0x0000002c   Code   RO         2181    .text.pvTaskIncrementMutexHeldCount  tasks.o
    0x00002584   0x00002584   0x0000005e   Code   RO         1909    .text.pxPortInitialiseStack  port.o
    0x000025e2   0x000025e2   0x00000002   PAD
    0x000025e4   0x000025e4   0x00000048   Code   RO         1900    .text.uxListRemove  list.o
    0x0000262c   0x0000262c   0x0000000c   Code   RO         2119    .text.uxTaskGetNumberOfTasks  tasks.o
    0x00002638   0x00002638   0x0000002e   Code   RO         1892    .text.vListInitialise  list.o
    0x00002666   0x00002666   0x00000002   PAD
    0x00002668   0x00002668   0x0000000e   Code   RO         1894    .text.vListInitialiseItem  list.o
    0x00002676   0x00002676   0x00000002   PAD
    0x00002678   0x00002678   0x0000006a   Code   RO         1898    .text.vListInsert   list.o
    0x000026e2   0x000026e2   0x00000002   PAD
    0x000026e4   0x000026e4   0x00000014   Code   RO         1919    .text.vPortEnableVFP  port.o
    0x000026f8   0x000026f8   0x00000056   Code   RO         1925    .text.vPortEnterCritical  port.o
    0x0000274e   0x0000274e   0x00000002   PAD
    0x00002750   0x00002750   0x0000004a   Code   RO         1927    .text.vPortExitCritical  port.o
    0x0000279a   0x0000279a   0x00000002   PAD
    0x0000279c   0x0000279c   0x000000ba   Code   RO         1956    .text.vPortFree     heap_4.o
    0x00002856   0x00002856   0x00000002   PAD
    0x00002858   0x00002858   0x00000078   Code   RO         1917    .text.vPortSetupTimerInterrupt  port.o
    0x000028d0   0x000028d0   0x00000220   Code   RO         1933    .text.vPortSuppressTicksAndSleep  port.o
    0x00002af0   0x00002af0   0x00000024   Code   RO         2149    .text.vTaskInternalSetTimeOutState  tasks.o
    0x00002b14   0x00002b14   0x0000000e   Code   RO         2153    .text.vTaskMissedYield  tasks.o
    0x00002b22   0x00002b22   0x00000002   PAD
    0x00002b24   0x00002b24   0x00000042   Code   RO         2139    .text.vTaskPlaceOnEventList  tasks.o
    0x00002b66   0x00002b66   0x00000002   PAD
    0x00002b68   0x00002b68   0x00000182   Code   RO         2177    .text.vTaskPriorityDisinheritAfterTimeout  tasks.o
    0x00002cea   0x00002cea   0x00000002   PAD
    0x00002cec   0x00002cec   0x000000a2   Code   RO         2107    .text.vTaskStartScheduler  tasks.o
    0x00002d8e   0x00002d8e   0x00000002   PAD
    0x00002d90   0x00002d90   0x000000cc   Code   RO         2133    .text.vTaskStepTick  tasks.o
    0x00002e5c   0x00002e5c   0x00000010   Code   RO         2081    .text.vTaskSuspendAll  tasks.o
    0x00002e6c   0x00002e6c   0x000000be   Code   RO         2099    .text.vTaskSwitchContext  tasks.o
    0x00002f2a   0x00002f2a   0x00000002   PAD
    0x00002f2c   0x00002f2c   0x0000017c   Code   RO         1915    .text.xPortStartScheduler  port.o
    0x000030a8   0x000030a8   0x00000026   Code   RO         1988    .text.xQueueCreateMutex  queue.o
    0x000030ce   0x000030ce   0x00000002   PAD
    0x000030d0   0x000030d0   0x0000009a   Code   RO         1984    .text.xQueueGenericCreate  queue.o
    0x0000316a   0x0000316a   0x00000002   PAD
    0x0000316c   0x0000316c   0x00000108   Code   RO         1982    .text.xQueueGenericReset  queue.o
    0x00003274   0x00003274   0x00000274   Code   RO         1998    .text.xQueueGenericSend  queue.o
    0x000034e8   0x000034e8   0x000001dc   Code   RO         2018    .text.xQueueReceive  queue.o
    0x000036c4   0x000036c4   0x00000210   Code   RO         2002    .text.xQueueSemaphoreTake  queue.o
    0x000038d4   0x000038d4   0x000000fc   Code   RO         2151    .text.xTaskCheckForTimeOut  tasks.o
    0x000039d0   0x000039d0   0x000000a0   Code   RO         2067    .text.xTaskCreate   tasks.o
    0x00003a70   0x00003a70   0x00000038   Code   RO         2171    .text.xTaskGetSchedulerState  tasks.o
    0x00003aa8   0x00003aa8   0x00000260   Code   RO         2113    .text.xTaskIncrementTick  tasks.o
    0x00003d08   0x00003d08   0x00000138   Code   RO         2175    .text.xTaskPriorityDisinherit  tasks.o
    0x00003e40   0x00003e40   0x0000015c   Code   RO         2173    .text.xTaskPriorityInherit  tasks.o
    0x00003f9c   0x00003f9c   0x00000192   Code   RO         2143    .text.xTaskRemoveFromEventList  tasks.o
    0x0000412e   0x0000412e   0x00000002   PAD
    0x00004130   0x00004130   0x00000222   Code   RO         2085    .text.xTaskResumeAll  tasks.o
    0x00004352   0x00004352   0x0000001a   Code   RO         2500    x$fpl$fpinit        fz_wm.l(fpinit.o)
    0x0000436c   0x0000436c   0x000000ff   Data   RO           42    .rodata.str1.1      main.o
    0x0000446b   0x0000446b   0x00000005   Data   RO         2219    .rodata.str1.1      tasks.o
    0x00004470   0x00004470   0x00000004   Data   RO         2204    .rodata.uxTopUsedPriority  tasks.o
    0x00004474   0x00004474   0x00000020   Data   RO         2598    Region$$Table       anon$$obj.o


    Execution Region ER_RW (Exec base: 0x20000000, Load base: 0x00004494, Size: 0x0000000c, Max: 0xffffffff, ABSOLUTE)

    Exec Addr    Load Addr    Size         Type   Attr      Idx    E Section Name        Object

    0x20000000   0x00004494   0x00000004   Data   RW         1852    .data.SystemCoreClock  system_tm4c123.o
    0x20000004   0x00004498   0x00000004   Data   RW           28    .data.queueV        main.o
    0x20000008   0x0000449c   0x00000004   Data   RW         1939    .data.uxCriticalNesting  port.o


    Execution Region ER_ZI (Exec base: 0x20000010, Load base: 0x000044a0, Size: 0x000023c8, Max: 0xffffffff, ABSOLUTE)

    Exec Addr    Load Addr    Size         Type   Attr      Idx    E Section Name        Object

    0x20000010        -       0x00000060   Zero   RW         2503    .bss                c_w.l(libspace.o)
    0x20000070        -       0x00000004   Zero   RW           43    .bss.check_btn_handle  main.o
    0x20000074        -       0x00000004   Zero   RW           30    .bss.ctrlSemaphore  main.o
    0x20000078        -       0x00000004   Zero   RW           34    .bss.ddaSemaphore   main.o
    0x2000007c        -       0x00000004   Zero   RW           32    .bss.ddmSemaphore   main.o
    0x20000080        -       0x00000004   Zero   RW           33    .bss.duaSemaphore   main.o
    0x20000084        -       0x00000004   Zero   RW           31    .bss.dumSemaphore   main.o
    0x20000088        -       0x00000004   Zero   RW           38    .bss.pdaSemaphore   main.o
    0x2000008c        -       0x00000004   Zero   RW           36    .bss.pdmSemaphore   main.o
    0x20000090        -       0x00000004   Zero   RW           37    .bss.puaSemaphore   main.o
    0x20000094        -       0x00000004   Zero   RW           35    .bss.pumSemaphore   main.o
    0x20000098        -       0x00000004   Zero   RW         2203    .bss.pxCurrentTCB   tasks.o
    0x2000009c        -       0x00000004   Zero   RW         2214    .bss.pxDelayedTaskList  tasks.o
    0x200000a0        -       0x00000004   Zero   RW         1968    .bss.pxEnd          heap_4.o
    0x200000a4        -       0x00000004   Zero   RW         2215    .bss.pxOverflowDelayedTaskList  tasks.o
    0x200000a8        -       0x00000064   Zero   RW         2205    .bss.pxReadyTasksLists  tasks.o
    0x2000010c        -       0x00002000   Zero   RW         1974    .bss.ucHeap         heap_4.o
    0x2000210c        -       0x00000001   Zero   RW         1937    .bss.ucMaxSysCallPriority  port.o
    0x2000210d   0x000044a0   0x00000003   PAD
    0x20002110        -       0x00000004   Zero   RW         1938    .bss.ulMaxPRIGROUPValue  port.o
    0x20002114        -       0x00000004   Zero   RW         1942    .bss.ulStoppedTimerCompensation  port.o
    0x20002118        -       0x00000004   Zero   RW         1941    .bss.ulTimerCountsForOneTick  port.o
    0x2000211c        -       0x00000004   Zero   RW         2210    .bss.uxCurrentNumberOfTasks  tasks.o
    0x20002120        -       0x00000004   Zero   RW         2209    .bss.uxDeletedTasksWaitingCleanUp  tasks.o
    0x20002124        -       0x00000004   Zero   RW         2212    .bss.uxSchedulerSuspended  tasks.o
    0x20002128        -       0x00000004   Zero   RW         2207    .bss.uxTaskNumber   tasks.o
    0x2000212c        -       0x00000004   Zero   RW         2206    .bss.uxTopReadyPriority  tasks.o
    0x20002130        -       0x00000014   Zero   RW         2224    .bss.xDelayedTaskList1  tasks.o
    0x20002144        -       0x00000014   Zero   RW         2225    .bss.xDelayedTaskList2  tasks.o
    0x20002158        -       0x00000004   Zero   RW         1969    .bss.xFreeBytesRemaining  heap_4.o
    0x2000215c        -       0x00000004   Zero   RW         2220    .bss.xIdleTaskHandle  tasks.o
    0x20002160        -       0x00000004   Zero   RW         1940    .bss.xMaximumPossibleSuppressedTicks  port.o
    0x20002164        -       0x00000004   Zero   RW         1971    .bss.xMinimumEverFreeBytesRemaining  heap_4.o
    0x20002168        -       0x00000004   Zero   RW           39    .bss.xMutex         main.o
    0x2000216c        -       0x00000004   Zero   RW         2221    .bss.xNextTaskUnblockTime  tasks.o
    0x20002170        -       0x00000004   Zero   RW         2223    .bss.xNumOfOverflows  tasks.o
    0x20002174        -       0x00000004   Zero   RW         1972    .bss.xNumberOfSuccessfulAllocations  heap_4.o
    0x20002178        -       0x00000004   Zero   RW         1973    .bss.xNumberOfSuccessfulFrees  heap_4.o
    0x2000217c        -       0x00000004   Zero   RW         2222    .bss.xPendedTicks   tasks.o
    0x20002180        -       0x00000014   Zero   RW         2218    .bss.xPendingReadyList  tasks.o
    0x20002194        -       0x00000004   Zero   RW           40    .bss.xQueueJam      main.o
    0x20002198        -       0x00000004   Zero   RW           41    .bss.xQueueLock     main.o
    0x2000219c        -       0x00000004   Zero   RW         2211    .bss.xSchedulerRunning  tasks.o
    0x200021a0        -       0x00000008   Zero   RW         1970    .bss.xStart         heap_4.o
    0x200021a8        -       0x00000014   Zero   RW         2216    .bss.xSuspendedTaskList  tasks.o
    0x200021bc        -       0x00000014   Zero   RW         2208    .bss.xTasksWaitingTermination  tasks.o
    0x200021d0        -       0x00000004   Zero   RW         2213    .bss.xTickCount     tasks.o
    0x200021d4        -       0x00000004   Zero   RW         2217    .bss.xYieldPending  tasks.o
    0x200021d8        -       0x00000000   Zero   RW         1837    HEAP                startup_tm4c123.o
    0x200021d8        -       0x00000200   Zero   RW         1836    STACK               startup_tm4c123.o


==============================================================================

Image component sizes


      Code (inc. data)   RO Data    RW Data    ZI Data      Debug   Object Name

       432          0          0          0          0       1632   gpio.o
      1014          0          0          0       8220       4681   heap_4.o
       238          0          0          0          0       2312   list.o
      3494          0        255          4         52       5310   main.o
      1630         16          0          4         17       4982   port.o
      3044          0          0          0          0      16679   queue.o
       276         24        620          0        512       5468   startup_tm4c123.o
       268          0          0          4          0       6728   system_tm4c123.o
      5458          0          9          0        260      26957   tasks.o

    ----------------------------------------------------------------------
     15934         52        916         12       9064      74749   Object Totals
         0          0         32          0          0          0   (incl. Generated)
        80         12          0          0          3          0   (incl. Padding)

    ----------------------------------------------------------------------

      Code (inc. data)   RO Data    RW Data    ZI Data      Debug   Library Member Name

         8          0          0          0          0         68   __main.o
         0          0          0          0          0          0   __rtentry.o
        12          0          0          0          0          0   __rtentry2.o
         6          0          0          0          0          0   __rtentry4.o
        52          8          0          0          0          0   __scatter.o
        26          0          0          0          0          0   __scatter_copy.o
        28          0          0          0          0          0   __scatter_zi.o
        16          0          0          0          0         68   aeabi_memset4.o
        18          0          0          0          0         80   exit.o
         6          0          0          0          0        152   heapauxi.o
         0          0          0          0          0          0   indicate_semi.o
         2          0          0          0          0          0   libinit.o
         6          0          0          0          0          0   libinit2.o
         2          0          0          0          0          0   libshutdown.o
         2          0          0          0          0          0   libshutdown2.o
         8          4          0          0         96         68   libspace.o
        68          0          0          0          0         68   rt_memclr.o
        78          0          0          0          0         80   rt_memclr_w.o
       138          0          0          0          0         68   rt_memcpy_v6.o
       100          0          0          0          0         80   rt_memcpy_w.o
         2          0          0          0          0          0   rtexit.o
        10          0          0          0          0          0   rtexit2.o
        12          4          0          0          0         68   sys_exit.o
        74          0          0          0          0         80   sys_stackheap_outer.o
         2          0          0          0          0         68   use_no_semi.o
        26          0          0          0          0        116   fpinit.o

    ----------------------------------------------------------------------
       706         16          0          0         96       1064   Library Totals
         4          0          0          0          0          0   (incl. Padding)

    ----------------------------------------------------------------------

      Code (inc. data)   RO Data    RW Data    ZI Data      Debug   Library Name

       676         16          0          0         96        948   c_w.l
        26          0          0          0          0        116   fz_wm.l

    ----------------------------------------------------------------------
       706         16          0          0         96       1064   Library Totals

    ----------------------------------------------------------------------

==============================================================================


      Code (inc. data)   RO Data    RW Data    ZI Data      Debug   

     16640         68        916         12       9160      75257   Grand Totals
     16640         68        916         12       9160      75257   ELF Image Totals
     16640         68        916         12          0          0   ROM Totals

==============================================================================

    Total RO  Size (Code + RO Data)                17556 (  17.14kB)
    Total RW  Size (RW Data + ZI Data)              9172 (   8.96kB)
    Total ROM Size (Code + RO Data + RW Data)      17568 (  17.16kB)

==============================================================================

